<html>
<body>
<pre>
<h1>µVision Build Log</h1>
<h2>Tool Versions:</h2>
IDE-Version: ¦ÌVision V5.27.0.0
Copyright (C) 2018 ARM Ltd and ARM Germany GmbH. All rights reserved.
License Information: d asus, d, LIC=32B1Q-N9ASJ-AR0XW-QSW9K-PU1X8-CN4FP
 
Tool Versions:
Toolchain:       MDK-ARM Plus  Version: 5.27.0.0
Toolchain Path:  D:\Program Files\keil\ARM\ARMCLANG\Bin
C Compiler:      ArmClang.exe V6.11
Assembler:       Armasm.exe V6.11
Linker/Locator:  ArmLink.exe V6.11
Library Manager: ArmAr.exe V6.11
Hex Converter:   FromElf.exe V6.11
CPU DLL:         SARMCM3.DLL V5.27.0.0
Dialog DLL:      DCM.DLL V1.17.2.0
Target DLL:      STLink\ST-LINKIII-KEIL_SWO.dll V3.0.5.0
Dialog DLL:      TCM.DLL V1.36.1.0
 
<h2>Project:</h2>
D:\Workspace\keil project\frequencymeter\MDK-ARM\frequencymeter.uvprojx
Project File Date:  03/06/2024

<h2>Output:</h2>
*** Using Compiler 'V6.11', folder: 'D:\Program Files\keil\ARM\ARMCLANG\Bin'
Rebuild target 'frequencymeter'
assembling startup_stm32h743xx.s...
compiling tim.c...
compiling stm32h7xx_hal_cortex.c...
../Core/Src/main.c(88): warning: passing 'char [100]' to parameter of type 'uint8_t *' (aka 'unsigned char *') converts between pointers to integer types with different sign [-Wpointer-sign]
  unsigned int freq_int = LittleEndianHextoDec(msg, msg + 4);
                                               ^~~
../Core/Inc/main.h(62): note: passing argument to parameter 'start_byte' here
unsigned int LittleEndianHextoDec(uint8_t *start_byte, uint8_t *end_byte);
                                           ^
../Core/Src/main.c(88): warning: passing 'char *' to parameter of type 'uint8_t *' (aka 'unsigned char *') converts between pointers to integer types with different sign [-Wpointer-sign]
  unsigned int freq_int = LittleEndianHextoDec(msg, msg + 4);
                                                    ^~~~~~~
../Core/Inc/main.h(62): note: passing argument to parameter 'end_byte' here
unsigned int LittleEndianHextoDec(uint8_t *start_byte, uint8_t *end_byte);
                                                                ^
../Core/Src/main.c(89): warning: passing 'char *' to parameter of type 'uint8_t *' (aka 'unsigned char *') converts between pointers to integer types with different sign [-Wpointer-sign]
  unsigned int duty_cycle_rcv = LittleEndianHextoDec(msg + 4, msg + 8);
                                                     ^~~~~~~
../Core/Inc/main.h(62): note: passing argument to parameter 'start_byte' here
unsigned int LittleEndianHextoDec(uint8_t *start_byte, uint8_t *end_byte);
                                           ^
../Core/Src/main.c(89): warning: passing 'char *' to parameter of type 'uint8_t *' (aka 'unsigned char *') converts between pointers to integer types with different sign [-Wpointer-sign]
  unsigned int duty_cycle_rcv = LittleEndianHextoDec(msg + 4, msg + 8);
                                                              ^~~~~~~
../Core/Inc/main.h(62): note: passing argument to parameter 'end_byte' here
unsigned int LittleEndianHextoDec(uint8_t *start_byte, uint8_t *end_byte);
                                                                ^
../Core/Src/main.c(92): warning: passing 'char [100]' to parameter of type 'uint8_t *' (aka 'unsigned char *') converts between pointers to integer types with different sign [-Wpointer-sign]
  HAL_UARTEx_ReceiveToIdle_IT(&huart6, msg, 100);
                                       ^~~
../Drivers/STM32H7xx_HAL_Driver/Inc/stm32h7xx_hal_uart_ex.h(178): note: passing argument to parameter 'pData' here
HAL_StatusTypeDef HAL_UARTEx_ReceiveToIdle_IT(UART_HandleTypeDef *huart, uint8_t *pData, uint16_t Size);
                                                                                  ^
../Core/Src/main.c(154): warning: passing 'char [100]' to parameter of type 'uint8_t *' (aka 'unsigned char *') converts between pointers to integer types with different sign [-Wpointer-sign]
  HAL_UARTEx_ReceiveToIdle_IT(&huart6, msg, 100);
                                       ^~~
../Drivers/STM32H7xx_HAL_Driver/Inc/stm32h7xx_hal_uart_ex.h(178): note: passing argument to parameter 'pData' here
HAL_StatusTypeDef HAL_UARTEx_ReceiveToIdle_IT(UART_HandleTypeDef *huart, uint8_t *pData, uint16_t Size);
                                                                                  ^
../Core/Src/main.c(177): warning: passing 'char [100]' to parameter of type 'const uint8_t *' (aka 'const unsigned char *') converts between pointers to integer types with different sign [-Wpointer-sign]
      HAL_UART_Transmit(&huart6, freqmsg, strlen(freqmsg), 100);
                                 ^~~~~~~
../Drivers/STM32H7xx_HAL_Driver/Inc\stm32h7xx_hal_uart.h(1637): note: passing argument to parameter 'pData' here
HAL_StatusTypeDef HAL_UART_Transmit(UART_HandleTypeDef *huart, const uint8_t *pData, uint16_t Size, uint32_t Timeout);
                                                                              ^
../Core/Src/main.c(178): warning: passing 'char [100]' to parameter of type 'const uint8_t *' (aka 'const unsigned char *') converts between pointers to integer types with different sign [-Wpointer-sign]
      HAL_UART_Transmit(&huart6, dutymsg, strlen(dutymsg), 100);
                                 ^~~~~~~
../Drivers/STM32H7xx_HAL_Driver/Inc\stm32h7xx_hal_uart.h(1637): note: passing argument to parameter 'pData' here
HAL_StatusTypeDef HAL_UART_Transmit(UART_HandleTypeDef *huart, const uint8_t *pData, uint16_t Size, uint32_t Timeout);
                                                                              ^
8 warnings generated.
compiling main.c...
compiling stm32h7xx_hal_rcc_ex.c...
compiling stm32h7xx_it.c...
compiling stm32h7xx_hal_msp.c...
compiling gpio.c...
compiling usart.c...
compiling stm32h7xx_hal_flash.c...
compiling stm32h7xx_hal_rcc.c...
compiling stm32h7xx_hal_tim_ex.c...
compiling stm32h7xx_hal_flash_ex.c...
compiling stm32h7xx_hal_hsem.c...
compiling stm32h7xx_hal_gpio.c...
compiling stm32h7xx_hal_tim.c...
compiling stm32h7xx_hal_dma_ex.c...
compiling stm32h7xx_hal_pwr.c...
compiling stm32h7xx_hal_i2c_ex.c...
compiling stm32h7xx_hal_pwr_ex.c...
compiling stm32h7xx_hal_mdma.c...
compiling stm32h7xx_hal.c...
compiling stm32h7xx_hal_dma.c...
compiling stm32h7xx_hal_exti.c...
compiling system_stm32h7xx.c...
compiling stm32h7xx_hal_uart_ex.c...
compiling stm32h7xx_hal_uart.c...
compiling stm32h7xx_hal_i2c.c...
linking...
Program Size: Code=43572 RO-data=828 RW-data=20 ZI-data=1452  
FromELF: creating hex file...
"frequencymeter\frequencymeter.axf" - 0 Error(s), 8 Warning(s).

<h2>Software Packages used:</h2>

Package Vendor: ARM
                http://www.keil.com/pack/ARM.CMSIS.5.4.0.pack
                ARM.CMSIS.5.4.0
                CMSIS (Cortex Microcontroller Software Interface Standard)
   * Component: CORE Version: 5.1.2

Package Vendor: Keil
                https://www.keil.com/pack/Keil.STM32H7xx_DFP.3.1.1.pack
                Keil.STM32H7xx_DFP.3.1.1
                STMicroelectronics STM32H7 Series Device Support and Examples

<h2>Collection of Component include folders:</h2>
  .\RTE\_frequencymeter
  D:\Program Files\keil\ARM\PACK\ARM\CMSIS\5.4.0\CMSIS\Core\Include
  D:\Program Files\keil\ARM\PACK\Keil\STM32H7xx_DFP\3.1.1\Drivers\CMSIS\Device\ST\STM32H7xx\Include

<h2>Collection of Component Files used:</h2>

   * Component: ARM::CMSIS:CORE:5.1.2
Build Time Elapsed:  00:00:02
</pre>
</body>
</html>
