Component: ARM Compiler 6.11 Tool: armlink [5d3b3900]

==============================================================================

Section Cross References

    startup_stm32h743xx.o(RESET) refers to startup_stm32h743xx.o(STACK) for __initial_sp
    startup_stm32h743xx.o(RESET) refers to startup_stm32h743xx.o(.text) for Reset_Handler
    startup_stm32h743xx.o(RESET) refers to stm32h7xx_it.o(.text.NMI_Handler) for NMI_Handler
    startup_stm32h743xx.o(RESET) refers to stm32h7xx_it.o(.text.HardFault_Handler) for HardFault_Handler
    startup_stm32h743xx.o(RESET) refers to stm32h7xx_it.o(.text.MemManage_Handler) for MemManage_Handler
    startup_stm32h743xx.o(RESET) refers to stm32h7xx_it.o(.text.BusFault_Handler) for BusFault_Handler
    startup_stm32h743xx.o(RESET) refers to stm32h7xx_it.o(.text.UsageFault_Handler) for UsageFault_Handler
    startup_stm32h743xx.o(RESET) refers to stm32h7xx_it.o(.text.SVC_Handler) for SVC_Handler
    startup_stm32h743xx.o(RESET) refers to stm32h7xx_it.o(.text.DebugMon_Handler) for DebugMon_Handler
    startup_stm32h743xx.o(RESET) refers to stm32h7xx_it.o(.text.PendSV_Handler) for PendSV_Handler
    startup_stm32h743xx.o(RESET) refers to stm32h7xx_it.o(.text.SysTick_Handler) for SysTick_Handler
    startup_stm32h743xx.o(RESET) refers to stm32h7xx_it.o(.text.DMA1_Stream0_IRQHandler) for DMA1_Stream0_IRQHandler
    startup_stm32h743xx.o(RESET) refers to stm32h7xx_it.o(.text.TIM3_IRQHandler) for TIM3_IRQHandler
    startup_stm32h743xx.o(RESET) refers to stm32h7xx_it.o(.text.TIM4_IRQHandler) for TIM4_IRQHandler
    startup_stm32h743xx.o(RESET) refers to stm32h7xx_it.o(.text.USART1_IRQHandler) for USART1_IRQHandler
    startup_stm32h743xx.o(RESET) refers to stm32h7xx_it.o(.text.TIM15_IRQHandler) for TIM15_IRQHandler
    startup_stm32h743xx.o(.text) refers to system_stm32h7xx.o(.text.SystemInit) for SystemInit
    startup_stm32h743xx.o(.text) refers to entry.o(.ARM.Collect$$$$00000000) for __main
    local_it.o(.text.HAL_TIM_PeriodElapsedCallback) refers to tim.o(.bss.htim3) for htim3
    local_it.o(.text.HAL_TIM_PeriodElapsedCallback) refers to main.o(.bss.pwm_flag) for pwm_flag
    local_it.o(.text.HAL_TIM_PeriodElapsedCallback) refers to tim.o(.bss.htim2) for htim2
    local_it.o(.text.HAL_TIM_PeriodElapsedCallback) refers to main.o(.bss.pwm_val) for pwm_val
    local_it.o(.text.HAL_TIM_PeriodElapsedCallback) refers to local_it.o(.rodata.str1.1) for .L.str
    local_it.o(.text.HAL_TIM_PeriodElapsedCallback) refers to printfa.o(i.__0printf) for printf
    local_it.o(.ARM.exidx.text.HAL_TIM_PeriodElapsedCallback) refers to local_it.o(.text.HAL_TIM_PeriodElapsedCallback) for [Anonymous Symbol]
    local_it.o(.text.mode_1) refers to main.o(.bss.capture_state) for capture_state
    local_it.o(.text.mode_1) refers to tim.o(.bss.htim4) for htim4
    local_it.o(.text.mode_1) refers to stm32h7xx_hal_tim.o(.text.HAL_TIM_IC_Start_IT) for HAL_TIM_IC_Start_IT
    local_it.o(.text.mode_1) refers to main.o(.bss.capture_buf) for capture_buf
    local_it.o(.text.mode_1) refers to main.o(.bss.flag_cnt) for flag_cnt
    local_it.o(.text.mode_1) refers to main.o(.bss.high_time) for high_time
    local_it.o(.text.mode_1) refers to main.o(.bss.low_time) for low_time
    local_it.o(.text.mode_1) refers to main.o(.bss.period_time) for period_time
    local_it.o(.text.mode_1) refers to main.o(.bss.period_time_old) for period_time_old
    local_it.o(.text.mode_1) refers to main.o(.bss.new_flag) for new_flag
    local_it.o(.text.mode_1) refers to local_it.o(.rodata.str1.1) for .L.str.1
    local_it.o(.text.mode_1) refers to printfa.o(i.__0printf) for printf
    local_it.o(.text.mode_1) refers to main.o(.bss.high_time_old) for high_time_old
    local_it.o(.text.mode_1) refers to main.o(.bss.low_time_old) for low_time_old
    local_it.o(.text.mode_1) refers to tim.o(.text.Delay_Ms) for Delay_Ms
    local_it.o(.ARM.exidx.text.mode_1) refers to local_it.o(.text.mode_1) for [Anonymous Symbol]
    local_it.o(.text.HAL_UART_RxCpltCallback) refers to usart.o(.bss.huart1) for huart1
    local_it.o(.text.HAL_UART_RxCpltCallback) refers to main.o(.bss.mes_uart) for mes_uart
    local_it.o(.text.HAL_UART_RxCpltCallback) refers to stm32h7xx_hal_uart.o(.text.HAL_UART_Receive_IT) for HAL_UART_Receive_IT
    local_it.o(.text.HAL_UART_RxCpltCallback) refers to main.o(.data.PAUSE) for PAUSE
    local_it.o(.text.HAL_UART_RxCpltCallback) refers to main.o(.data.PERIOD) for PERIOD
    local_it.o(.text.HAL_UART_RxCpltCallback) refers to pow.o(i.__hardfp_pow) for __hardfp_pow
    local_it.o(.text.HAL_UART_RxCpltCallback) refers to tim.o(.bss.htim5) for htim5
    local_it.o(.text.HAL_UART_RxCpltCallback) refers to main.o(.bss.new_flag) for new_flag
    local_it.o(.text.HAL_UART_RxCpltCallback) refers to main.o(.bss.high_time) for high_time
    local_it.o(.text.HAL_UART_RxCpltCallback) refers to main.o(.bss.low_time) for low_time
    local_it.o(.text.HAL_UART_RxCpltCallback) refers to main.o(.bss.period_time) for period_time
[...]
    LL_ADC_REG_StopConversion                0x0800cce1   Thumb Code    32  stm32h7xx_hal_adc.o(.text.LL_ADC_REG_StopConversion)
    [Anonymous Symbol]                       0x0800cce0   Section        0  stm32h7xx_hal_adc.o(.text.LL_ADC_REG_StopConversion)
    LL_ADC_SetChannelSamplingTime            0x0800cd01   Thumb Code    74  stm32h7xx_hal_adc.o(.text.LL_ADC_SetChannelSamplingTime)
    [Anonymous Symbol]                       0x0800cd00   Section        0  stm32h7xx_hal_adc.o(.text.LL_ADC_SetChannelSamplingTime)
    LL_ADC_SetChannelSingleDiff              0x0800cd51   Thumb Code    72  stm32h7xx_hal_adc.o(.text.LL_ADC_SetChannelSingleDiff)
    [Anonymous Symbol]                       0x0800cd50   Section        0  stm32h7xx_hal_adc.o(.text.LL_ADC_SetChannelSingleDiff)
    LL_ADC_SetCommonClock                    0x0800cd99   Thumb Code    34  stm32h7xx_hal_adc.o(.text.LL_ADC_SetCommonClock)
    [Anonymous Symbol]                       0x0800cd98   Section        0  stm32h7xx_hal_adc.o(.text.LL_ADC_SetCommonClock)
    LL_ADC_SetCommonPathInternalCh           0x0800cdc1   Thumb Code    34  stm32h7xx_hal_adc.o(.text.LL_ADC_SetCommonPathInternalCh)
    [Anonymous Symbol]                       0x0800cdc0   Section        0  stm32h7xx_hal_adc.o(.text.LL_ADC_SetCommonPathInternalCh)
    LL_ADC_SetDataRightShift                 0x0800cde9   Thumb Code    54  stm32h7xx_hal_adc.o(.text.LL_ADC_SetDataRightShift)
    [Anonymous Symbol]                       0x0800cde8   Section        0  stm32h7xx_hal_adc.o(.text.LL_ADC_SetDataRightShift)
    LL_ADC_SetOffset                         0x0800ce21   Thumb Code    72  stm32h7xx_hal_adc.o(.text.LL_ADC_SetOffset)
    [Anonymous Symbol]                       0x0800ce20   Section        0  stm32h7xx_hal_adc.o(.text.LL_ADC_SetOffset)
    LL_ADC_SetOffsetSignedSaturation         0x0800ce69   Thumb Code    58  stm32h7xx_hal_adc.o(.text.LL_ADC_SetOffsetSignedSaturation)
    [Anonymous Symbol]                       0x0800ce68   Section        0  stm32h7xx_hal_adc.o(.text.LL_ADC_SetOffsetSignedSaturation)
    LL_ADC_StartCalibration                  0x0800cea9   Thumb Code    68  stm32h7xx_hal_adc_ex.o(.text.LL_ADC_StartCalibration)
    [Anonymous Symbol]                       0x0800cea8   Section        0  stm32h7xx_hal_adc_ex.o(.text.LL_ADC_StartCalibration)
    MPU_Config                               0x0800cef1   Thumb Code   208  main.o(.text.MPU_Config)
    [Anonymous Symbol]                       0x0800cef0   Section        0  main.o(.text.MPU_Config)
    [Anonymous Symbol]                       0x0800cfc0   Section        0  adc.o(.text.MX_ADC2_Init)
    [Anonymous Symbol]                       0x0800d068   Section        0  dma.o(.text.MX_DMA_Init)
    [Anonymous Symbol]                       0x0800d0a8   Section        0  gpio.o(.text.MX_GPIO_Init)
    [Anonymous Symbol]                       0x0800d150   Section        0  tim.o(.text.MX_TIM12_Init)
    [Anonymous Symbol]                       0x0800d1e0   Section        0  tim.o(.text.MX_TIM15_Init)
    [Anonymous Symbol]                       0x0800d270   Section        0  tim.o(.text.MX_TIM2_Init)
    [Anonymous Symbol]                       0x0800d300   Section        0  tim.o(.text.MX_TIM3_Init)
    [Anonymous Symbol]                       0x0800d390   Section        0  tim.o(.text.MX_TIM4_Init)
    [Anonymous Symbol]                       0x0800d470   Section        0  tim.o(.text.MX_TIM5_Init)
    [Anonymous Symbol]                       0x0800d560   Section        0  tim.o(.text.MX_TIM7_Init)
    [Anonymous Symbol]                       0x0800d5c8   Section        0  usart.o(.text.MX_USART1_UART_Init)
    [Anonymous Symbol]                       0x0800d658   Section        0  stm32h7xx_it.o(.text.MemManage_Handler)
    [Anonymous Symbol]                       0x0800d660   Section        0  stm32h7xx_it.o(.text.NMI_Handler)
    NVIC_EncodePriority                      0x0800d669   Thumb Code   128  stm32h7xx_hal_cortex.o(.text.NVIC_EncodePriority)
    [Anonymous Symbol]                       0x0800d668   Section        0  stm32h7xx_hal_cortex.o(.text.NVIC_EncodePriority)
    [Anonymous Symbol]                       0x0800d6e8   Section        0  stm32h7xx_it.o(.text.PendSV_Handler)
    RCCEx_PLL2_Config                        0x0800d6f1   Thumb Code   472  stm32h7xx_hal_rcc_ex.o(.text.RCCEx_PLL2_Config)
    [Anonymous Symbol]                       0x0800d6f0   Section        0  stm32h7xx_hal_rcc_ex.o(.text.RCCEx_PLL2_Config)
    RCCEx_PLL3_Config                        0x0800d8c9   Thumb Code   472  stm32h7xx_hal_rcc_ex.o(.text.RCCEx_PLL3_Config)
    [Anonymous Symbol]                       0x0800d8c8   Section        0  stm32h7xx_hal_rcc_ex.o(.text.RCCEx_PLL3_Config)
    [Anonymous Symbol]                       0x0800daa0   Section        0  stm32h7xx_it.o(.text.SVC_Handler)
    SysTick_Config                           0x0800daa9   Thumb Code    90  stm32h7xx_hal_cortex.o(.text.SysTick_Config)
    [Anonymous Symbol]                       0x0800daa8   Section        0  stm32h7xx_hal_cortex.o(.text.SysTick_Config)
    [Anonymous Symbol]                       0x0800db08   Section        0  stm32h7xx_it.o(.text.SysTick_Handler)
    [Anonymous Symbol]                       0x0800db10   Section        0  main.o(.text.SystemClock_Config)
    [Anonymous Symbol]                       0x0800dc78   Section        0  system_stm32h7xx.o(.text.SystemInit)
    [Anonymous Symbol]                       0x0800ddd8   Section        0  stm32h7xx_it.o(.text.TIM15_IRQHandler)
    [Anonymous Symbol]                       0x0800dde8   Section        0  stm32h7xx_it.o(.text.TIM3_IRQHandler)
    [Anonymous Symbol]                       0x0800ddf8   Section        0  stm32h7xx_it.o(.text.TIM4_IRQHandler)
    [Anonymous Symbol]                       0x0800de08   Section        0  stm32h7xx_hal_tim.o(.text.TIM_Base_SetConfig)
    [Anonymous Symbol]                       0x0800dfb0   Section        0  stm32h7xx_hal_tim.o(.text.TIM_CCxChannelCmd)
    [Anonymous Symbol]                       0x0800e000   Section        0  stm32h7xx_hal_tim.o(.text.TIM_ETR_SetConfig)
    TIM_ITRx_SetConfig                       0x0800e051   Thumb Code    56  stm32h7xx_hal_tim.o(.text.TIM_ITRx_SetConfig)
    [Anonymous Symbol]                       0x0800e050   Section        0  stm32h7xx_hal_tim.o(.text.TIM_ITRx_SetConfig)
    TIM_OC1_SetConfig                        0x0800e089   Thumb Code   344  stm32h7xx_hal_tim.o(.text.TIM_OC1_SetConfig)
    [Anonymous Symbol]                       0x0800e088   Section        0  stm32h7xx_hal_tim.o(.text.TIM_OC1_SetConfig)
    [Anonymous Symbol]                       0x0800e1e0   Section        0  stm32h7xx_hal_tim.o(.text.TIM_OC2_SetConfig)
    TIM_OC3_SetConfig                        0x0800e361   Thumb Code   376  stm32h7xx_hal_tim.o(.text.TIM_OC3_SetConfig)
    [Anonymous Symbol]                       0x0800e360   Section        0  stm32h7xx_hal_tim.o(.text.TIM_OC3_SetConfig)
    TIM_OC4_SetConfig                        0x0800e4d9   Thumb Code   226  stm32h7xx_hal_tim.o(.text.TIM_OC4_SetConfig)
    [Anonymous Symbol]                       0x0800e4d8   Section        0  stm32h7xx_hal_tim.o(.text.TIM_OC4_SetConfig)
    TIM_OC5_SetConfig                        0x0800e5c1   Thumb Code   216  stm32h7xx_hal_tim.o(.text.TIM_OC5_SetConfig)
    [Anonymous Symbol]                       0x0800e5c0   Section        0  stm32h7xx_hal_tim.o(.text.TIM_OC5_SetConfig)
    TIM_OC6_SetConfig                        0x0800e699   Thumb Code   218  stm32h7xx_hal_tim.o(.text.TIM_OC6_SetConfig)
    [Anonymous Symbol]                       0x0800e698   Section        0  stm32h7xx_hal_tim.o(.text.TIM_OC6_SetConfig)
    TIM_TI1_ConfigInputStage                 0x0800e779   Thumb Code    98  stm32h7xx_hal_tim.o(.text.TIM_TI1_ConfigInputStage)
    [Anonymous Symbol]                       0x0800e778   Section        0  stm32h7xx_hal_tim.o(.text.TIM_TI1_ConfigInputStage)
    [Anonymous Symbol]                       0x0800e7e0   Section        0  stm32h7xx_hal_tim.o(.text.TIM_TI1_SetConfig)
    TIM_TI2_ConfigInputStage                 0x0800e911   Thumb Code   100  stm32h7xx_hal_tim.o(.text.TIM_TI2_ConfigInputStage)
    [Anonymous Symbol]                       0x0800e910   Section        0  stm32h7xx_hal_tim.o(.text.TIM_TI2_ConfigInputStage)
    TIM_TI2_SetConfig                        0x0800e979   Thumb Code   130  stm32h7xx_hal_tim.o(.text.TIM_TI2_SetConfig)
    [Anonymous Symbol]                       0x0800e978   Section        0  stm32h7xx_hal_tim.o(.text.TIM_TI2_SetConfig)
    TIM_TI3_SetConfig                        0x0800ea01   Thumb Code   128  stm32h7xx_hal_tim.o(.text.TIM_TI3_SetConfig)
    [Anonymous Symbol]                       0x0800ea00   Section        0  stm32h7xx_hal_tim.o(.text.TIM_TI3_SetConfig)
    TIM_TI4_SetConfig                        0x0800ea81   Thumb Code   130  stm32h7xx_hal_tim.o(.text.TIM_TI4_SetConfig)
    [Anonymous Symbol]                       0x0800ea80   Section        0  stm32h7xx_hal_tim.o(.text.TIM_TI4_SetConfig)
    UARTEx_SetNbDataToProcess                0x0800eb09   Thumb Code   144  stm32h7xx_hal_uart_ex.o(.text.UARTEx_SetNbDataToProcess)
    [Anonymous Symbol]                       0x0800eb08   Section        0  stm32h7xx_hal_uart_ex.o(.text.UARTEx_SetNbDataToProcess)
    [Anonymous Symbol]                       0x0800eb98   Section        0  stm32h7xx_hal_uart.o(.text.UART_AdvFeatureConfig)
    [Anonymous Symbol]                       0x0800ecd8   Section        0  stm32h7xx_hal_uart.o(.text.UART_CheckIdleState)
    UART_DMAAbortOnError                     0x0800ee29   Thumb Code    40  stm32h7xx_hal_uart.o(.text.UART_DMAAbortOnError)
    [Anonymous Symbol]                       0x0800ee28   Section        0  stm32h7xx_hal_uart.o(.text.UART_DMAAbortOnError)
    UART_EndRxTransfer                       0x0800ee51   Thumb Code   162  stm32h7xx_hal_uart.o(.text.UART_EndRxTransfer)
    [Anonymous Symbol]                       0x0800ee50   Section        0  stm32h7xx_hal_uart.o(.text.UART_EndRxTransfer)
    UART_EndTransmit_IT                      0x0800eef9   Thumb Code    72  stm32h7xx_hal_uart.o(.text.UART_EndTransmit_IT)
    [Anonymous Symbol]                       0x0800eef8   Section        0  stm32h7xx_hal_uart.o(.text.UART_EndTransmit_IT)
    [Anonymous Symbol]                       0x0800ef40   Section        0  stm32h7xx_hal_uart.o(.text.UART_SetConfig)
    [Anonymous Symbol]                       0x0800f880   Section        0  stm32h7xx_hal_uart.o(.text.UART_WaitOnFlagUntilTimeout)
    [Anonymous Symbol]                       0x0800f9a0   Section        0  stm32h7xx_it.o(.text.USART1_IRQHandler)
    [Anonymous Symbol]                       0x0800f9b0   Section        0  stm32h7xx_it.o(.text.UsageFault_Handler)
    __NVIC_EnableIRQ                         0x0800f9b9   Thumb Code    54  stm32h7xx_hal_cortex.o(.text.__NVIC_EnableIRQ)
    [Anonymous Symbol]                       0x0800f9b8   Section        0  stm32h7xx_hal_cortex.o(.text.__NVIC_EnableIRQ)
    __NVIC_GetPriorityGrouping               0x0800f9f1   Thumb Code    16  stm32h7xx_hal_cortex.o(.text.__NVIC_GetPriorityGrouping)
    [Anonymous Symbol]                       0x0800f9f0   Section        0  stm32h7xx_hal_cortex.o(.text.__NVIC_GetPriorityGrouping)
    __NVIC_SetPriority                       0x0800fa01   Thumb Code    74  stm32h7xx_hal_cortex.o(.text.__NVIC_SetPriority)
    [Anonymous Symbol]                       0x0800fa00   Section        0  stm32h7xx_hal_cortex.o(.text.__NVIC_SetPriority)
    __NVIC_SetPriorityGrouping               0x0800fa51   Thumb Code    64  stm32h7xx_hal_cortex.o(.text.__NVIC_SetPriorityGrouping)
    [Anonymous Symbol]                       0x0800fa50   Section        0  stm32h7xx_hal_cortex.o(.text.__NVIC_SetPriorityGrouping)
    [Anonymous Symbol]                       0x0800fa90   Section        0  main.o(.text.adc_start)
    [Anonymous Symbol]                       0x0800fb58   Section        0  usart.o(.text.fputc)
    [Anonymous Symbol]                       0x0800fb90   Section        0  main.o(.text.main)
    i.__0printf                              0x0800fcf4   Section        0  printfa.o(i.__0printf)
    i.__scatterload_copy                     0x0800fd14   Section       14  handlers.o(i.__scatterload_copy)
    i.__scatterload_null                     0x0800fd22   Section        2  handlers.o(i.__scatterload_null)
    i.__scatterload_zeroinit                 0x0800fd24   Section       14  handlers.o(i.__scatterload_zeroinit)
    _fp_digits                               0x0800fd35   Thumb Code   366  printfa.o(i._fp_digits)
    i._fp_digits                             0x0800fd34   Section        0  printfa.o(i._fp_digits)
    _printf_core                             0x0800feb9   Thumb Code  1744  printfa.o(i._printf_core)
    i._printf_core                           0x0800feb8   Section        0  printfa.o(i._printf_core)
    _printf_post_padding                     0x08010595   Thumb Code    36  printfa.o(i._printf_post_padding)
    i._printf_post_padding                   0x08010594   Section        0  printfa.o(i._printf_post_padding)
    _printf_pre_padding                      0x080105b9   Thumb Code    46  printfa.o(i._printf_pre_padding)
    i._printf_pre_padding                    0x080105b8   Section        0  printfa.o(i._printf_pre_padding)
    DMA_CalcBaseAndBitshift.flagBitshiftOffset 0x080105f6   Data           8  stm32h7xx_hal_dma.o(.rodata.DMA_CalcBaseAndBitshift.flagBitshiftOffset)
    [Anonymous Symbol]                       0x080105f6   Section        0  stm32h7xx_hal_dma.o(.rodata.DMA_CalcBaseAndBitshift.flagBitshiftOffset)
    UARTEx_SetNbDataToProcess.denominator    0x080105fe   Data           8  stm32h7xx_hal_uart_ex.o(.rodata.UARTEx_SetNbDataToProcess.denominator)
    [Anonymous Symbol]                       0x080105fe   Section        0  stm32h7xx_hal_uart_ex.o(.rodata.UARTEx_SetNbDataToProcess.denominator)
    UARTEx_SetNbDataToProcess.numerator      0x08010606   Data           8  stm32h7xx_hal_uart_ex.o(.rodata.UARTEx_SetNbDataToProcess.numerator)
    [Anonymous Symbol]                       0x08010606   Section        0  stm32h7xx_hal_uart_ex.o(.rodata.UARTEx_SetNbDataToProcess.numerator)
    .L.str                                   0x08010626   Data          24  local_it.o(.rodata.str1.1)
    [Anonymous Symbol]                       0x08010626   Section        0  local_it.o(.rodata.str1.1)
    .L.str.1                                 0x0801063e   Data          26  local_it.o(.rodata.str1.1)
    .L.str.3                                 0x0801063e   Data          37  main.o(.rodata.str1.1)
    [Anonymous Symbol]                       0x0801063e   Section        0  main.o(.rodata.str1.1)
    .L.str                                   0x08010663   Data           5  main.o(.rodata.str1.1)
    .L.str.2                                 0x08010668   Data          47  main.o(.rodata.str1.1)
    .L.str.1                                 0x08010697   Data          11  main.o(.rodata.str1.1)
    .data                                    0x24000000   Section        4  stdout.o(.data)
    STACK                                    0x240003c0   Section    29696  startup_stm32h743xx.o(STACK)

    Global Symbols

    Symbol Name                              Value     Ov Type        Size  Object(Section)

    BuildAttributes$$THM_ISAv4$E$P$D$K$B$S$7EM$VFPv5_D16$PE$PLD8$A:L22UL41UL21$X:L11$S22US41US21$IEEE1$IW$~IW$USESV6$~STKCKD$USESV7$~SHL$OTIME$ROPI$IEEEX$EBA8$MICROLIB$REQ8$PRES8$EABIv2 0x00000000   Number         0  anon$$obj.o ABSOLUTE
    __cpp_initialize__aeabi_                  - Undefined Weak Reference
    __cxa_finalize                            - Undefined Weak Reference
    __decompress                              - Undefined Weak Reference
    _clock_init                               - Undefined Weak Reference
    _microlib_exit                            - Undefined Weak Reference
    __Vectors_Size                           0x00000298   Number         0  startup_stm32h743xx.o ABSOLUTE
    __Vectors                                0x08000000   Data           4  startup_stm32h743xx.o(RESET)
    __Vectors_End                            0x08000298   Data           0  startup_stm32h743xx.o(RESET)
    __main                                   0x08000299   Thumb Code     0  entry.o(.ARM.Collect$$$$00000000)
    _main_stk                                0x08000299   Thumb Code     0  entry2.o(.ARM.Collect$$$$00000001)
    _main_scatterload                        0x0800029d   Thumb Code     0  entry5.o(.ARM.Collect$$$$00000004)
    __main_after_scatterload                 0x080002a1   Thumb Code     0  entry5.o(.ARM.Collect$$$$00000004)
    _main_clock                              0x080002a1   Thumb Code     0  entry7b.o(.ARM.Collect$$$$00000008)
    _main_cpp_init                           0x080002a1   Thumb Code     0  entry8b.o(.ARM.Collect$$$$0000000A)
    _main_init                               0x080002a1   Thumb Code     0  entry9a.o(.ARM.Collect$$$$0000000B)
    __rt_final_cpp                           0x080002a9   Thumb Code     0  entry10a.o(.ARM.Collect$$$$0000000D)
    __rt_final_exit                          0x080002a9   Thumb Code     0  entry11a.o(.ARM.Collect$$$$0000000F)
    Reset_Handler                            0x080002ad   Thumb Code     8  startup_stm32h743xx.o(.text)
    ADC3_IRQHandler                          0x080002c7   Thumb Code     0  startup_stm32h743xx.o(.text)
    ADC_IRQHandler                           0x080002c7   Thumb Code     0  startup_stm32h743xx.o(.text)
    BDMA_Channel0_IRQHandler                 0x080002c7   Thumb Code     0  startup_stm32h743xx.o(.text)
    BDMA_Channel1_IRQHandler                 0x080002c7   Thumb Code     0  startup_stm32h743xx.o(.text)
    BDMA_Channel2_IRQHandler                 0x080002c7   Thumb Code     0  startup_stm32h743xx.o(.text)
    BDMA_Channel3_IRQHandler                 0x080002c7   Thumb Code     0  startup_stm32h743xx.o(.text)
    BDMA_Channel4_IRQHandler                 0x080002c7   Thumb Code     0  startup_stm32h743xx.o(.text)
    BDMA_Channel5_IRQHandler                 0x080002c7   Thumb Code     0  startup_stm32h743xx.o(.text)
    BDMA_Channel6_IRQHandler                 0x080002c7   Thumb Code     0  startup_stm32h743xx.o(.text)
    BDMA_Channel7_IRQHandler                 0x080002c7   Thumb Code     0  startup_stm32h743xx.o(.text)
    CEC_IRQHandler                           0x080002c7   Thumb Code     0  startup_stm32h743xx.o(.text)
    COMP1_IRQHandler                         0x080002c7   Thumb Code     0  startup_stm32h743xx.o(.text)
    CRS_IRQHandler                           0x080002c7   Thumb Code     0  startup_stm32h743xx.o(.text)
    DCMI_IRQHandler                          0x080002c7   Thumb Code     0  startup_stm32h743xx.o(.text)
    DFSDM1_FLT0_IRQHandler                   0x080002c7   Thumb Code     0  startup_stm32h743xx.o(.text)
    DFSDM1_FLT1_IRQHandler                   0x080002c7   Thumb Code     0  startup_stm32h743xx.o(.text)
    DFSDM1_FLT2_IRQHandler                   0x080002c7   Thumb Code     0  startup_stm32h743xx.o(.text)
    DFSDM1_FLT3_IRQHandler                   0x080002c7   Thumb Code     0  startup_stm32h743xx.o(.text)
    DMA1_Stream1_IRQHandler                  0x080002c7   Thumb Code     0  startup_stm32h743xx.o(.text)
    DMA1_Stream2_IRQHandler                  0x080002c7   Thumb Code     0  startup_stm32h743xx.o(.text)
    DMA1_Stream3_IRQHandler                  0x080002c7   Thumb Code     0  startup_stm32h743xx.o(.text)
    DMA1_Stream4_IRQHandler                  0x080002c7   Thumb Code     0  startup_stm32h743xx.o(.text)
    DMA1_Stream5_IRQHandler                  0x080002c7   Thumb Code     0  startup_stm32h743xx.o(.text)
    DMA1_Stream6_IRQHandler                  0x080002c7   Thumb Code     0  startup_stm32h743xx.o(.text)
    DMA1_Stream7_IRQHandler                  0x080002c7   Thumb Code     0  startup_stm32h743xx.o(.text)
    DMA2D_IRQHandler                         0x080002c7   Thumb Code     0  startup_stm32h743xx.o(.text)
    DMA2_Stream0_IRQHandler                  0x080002c7   Thumb Code     0  startup_stm32h743xx.o(.text)
    DMA2_Stream1_IRQHandler                  0x080002c7   Thumb Code     0  startup_stm32h743xx.o(.text)
    DMA2_Stream2_IRQHandler                  0x080002c7   Thumb Code     0  startup_stm32h743xx.o(.text)
    DMA2_Stream3_IRQHandler                  0x080002c7   Thumb Code     0  startup_stm32h743xx.o(.text)
    DMA2_Stream4_IRQHandler                  0x080002c7   Thumb Code     0  startup_stm32h743xx.o(.text)
    DMA2_Stream5_IRQHandler                  0x080002c7   Thumb Code     0  startup_stm32h743xx.o(.text)
    DMA2_Stream6_IRQHandler                  0x080002c7   Thumb Code     0  startup_stm32h743xx.o(.text)
    DMA2_Stream7_IRQHandler                  0x080002c7   Thumb Code     0  startup_stm32h743xx.o(.text)
    DMAMUX1_OVR_IRQHandler                   0x080002c7   Thumb Code     0  startup_stm32h743xx.o(.text)
    DMAMUX2_OVR_IRQHandler                   0x080002c7   Thumb Code     0  startup_stm32h743xx.o(.text)
    ECC_IRQHandler                           0x080002c7   Thumb Code     0  startup_stm32h743xx.o(.text)
    ETH_IRQHandler                           0x080002c7   Thumb Code     0  startup_stm32h743xx.o(.text)
    ETH_WKUP_IRQHandler                      0x080002c7   Thumb Code     0  startup_stm32h743xx.o(.text)
    EXTI0_IRQHandler                         0x080002c7   Thumb Code     0  startup_stm32h743xx.o(.text)
    EXTI15_10_IRQHandler                     0x080002c7   Thumb Code     0  startup_stm32h743xx.o(.text)
    EXTI1_IRQHandler                         0x080002c7   Thumb Code     0  startup_stm32h743xx.o(.text)
    EXTI2_IRQHandler                         0x080002c7   Thumb Code     0  startup_stm32h743xx.o(.text)
    EXTI3_IRQHandler                         0x080002c7   Thumb Code     0  startup_stm32h743xx.o(.text)
    EXTI4_IRQHandler                         0x080002c7   Thumb Code     0  startup_stm32h743xx.o(.text)
    EXTI9_5_IRQHandler                       0x080002c7   Thumb Code     0  startup_stm32h743xx.o(.text)
    FDCAN1_IT0_IRQHandler                    0x080002c7   Thumb Code     0  startup_stm32h743xx.o(.text)
    FDCAN1_IT1_IRQHandler                    0x080002c7   Thumb Code     0  startup_stm32h743xx.o(.text)
    FDCAN2_IT0_IRQHandler                    0x080002c7   Thumb Code     0  startup_stm32h743xx.o(.text)
    FDCAN2_IT1_IRQHandler                    0x080002c7   Thumb Code     0  startup_stm32h743xx.o(.text)
    FDCAN_CAL_IRQHandler                     0x080002c7   Thumb Code     0  startup_stm32h743xx.o(.text)
    FLASH_IRQHandler                         0x080002c7   Thumb Code     0  startup_stm32h743xx.o(.text)
    FMC_IRQHandler                           0x080002c7   Thumb Code     0  startup_stm32h743xx.o(.text)
    FPU_IRQHandler                           0x080002c7   Thumb Code     0  startup_stm32h743xx.o(.text)
    HRTIM1_FLT_IRQHandler                    0x080002c7   Thumb Code     0  startup_stm32h743xx.o(.text)
    HRTIM1_Master_IRQHandler                 0x080002c7   Thumb Code     0  startup_stm32h743xx.o(.text)
    HRTIM1_TIMA_IRQHandler                   0x080002c7   Thumb Code     0  startup_stm32h743xx.o(.text)
    HRTIM1_TIMB_IRQHandler                   0x080002c7   Thumb Code     0  startup_stm32h743xx.o(.text)
    HRTIM1_TIMC_IRQHandler                   0x080002c7   Thumb Code     0  startup_stm32h743xx.o(.text)
    HRTIM1_TIMD_IRQHandler                   0x080002c7   Thumb Code     0  startup_stm32h743xx.o(.text)
    HRTIM1_TIME_IRQHandler                   0x080002c7   Thumb Code     0  startup_stm32h743xx.o(.text)
    HSEM1_IRQHandler                         0x080002c7   Thumb Code     0  startup_stm32h743xx.o(.text)
    I2C1_ER_IRQHandler                       0x080002c7   Thumb Code     0  startup_stm32h743xx.o(.text)
    I2C1_EV_IRQHandler                       0x080002c7   Thumb Code     0  startup_stm32h743xx.o(.text)
    I2C2_ER_IRQHandler                       0x080002c7   Thumb Code     0  startup_stm32h743xx.o(.text)
    I2C2_EV_IRQHandler                       0x080002c7   Thumb Code     0  startup_stm32h743xx.o(.text)
    I2C3_ER_IRQHandler                       0x080002c7   Thumb Code     0  startup_stm32h743xx.o(.text)
    I2C3_EV_IRQHandler                       0x080002c7   Thumb Code     0  startup_stm32h743xx.o(.text)
    I2C4_ER_IRQHandler                       0x080002c7   Thumb Code     0  startup_stm32h743xx.o(.text)
    I2C4_EV_IRQHandler                       0x080002c7   Thumb Code     0  startup_stm32h743xx.o(.text)
    JPEG_IRQHandler                          0x080002c7   Thumb Code     0  startup_stm32h743xx.o(.text)
    LPTIM1_IRQHandler                        0x080002c7   Thumb Code     0  startup_stm32h743xx.o(.text)
    LPTIM2_IRQHandler                        0x080002c7   Thumb Code     0  startup_stm32h743xx.o(.text)
    LPTIM3_IRQHandler                        0x080002c7   Thumb Code     0  startup_stm32h743xx.o(.text)
    LPTIM4_IRQHandler                        0x080002c7   Thumb Code     0  startup_stm32h743xx.o(.text)
    LPTIM5_IRQHandler                        0x080002c7   Thumb Code     0  startup_stm32h743xx.o(.text)
    LPUART1_IRQHandler                       0x080002c7   Thumb Code     0  startup_stm32h743xx.o(.text)
    LTDC_ER_IRQHandler                       0x080002c7   Thumb Code     0  startup_stm32h743xx.o(.text)
    LTDC_IRQHandler                          0x080002c7   Thumb Code     0  startup_stm32h743xx.o(.text)
    MDIOS_IRQHandler                         0x080002c7   Thumb Code     0  startup_stm32h743xx.o(.text)
    MDIOS_WKUP_IRQHandler                    0x080002c7   Thumb Code     0  startup_stm32h743xx.o(.text)
    MDMA_IRQHandler                          0x080002c7   Thumb Code     0  startup_stm32h743xx.o(.text)
    OTG_FS_EP1_IN_IRQHandler                 0x080002c7   Thumb Code     0  startup_stm32h743xx.o(.text)
    OTG_FS_EP1_OUT_IRQHandler                0x080002c7   Thumb Code     0  startup_stm32h743xx.o(.text)
    OTG_FS_IRQHandler                        0x080002c7   Thumb Code     0  startup_stm32h743xx.o(.text)
    OTG_FS_WKUP_IRQHandler                   0x080002c7   Thumb Code     0  startup_stm32h743xx.o(.text)
    OTG_HS_EP1_IN_IRQHandler                 0x080002c7   Thumb Code     0  startup_stm32h743xx.o(.text)
    OTG_HS_EP1_OUT_IRQHandler                0x080002c7   Thumb Code     0  startup_stm32h743xx.o(.text)
    OTG_HS_IRQHandler                        0x080002c7   Thumb Code     0  startup_stm32h743xx.o(.text)
    OTG_HS_WKUP_IRQHandler                   0x080002c7   Thumb Code     0  startup_stm32h743xx.o(.text)
    PVD_AVD_IRQHandler                       0x080002c7   Thumb Code     0  startup_stm32h743xx.o(.text)
    QUADSPI_IRQHandler                       0x080002c7   Thumb Code     0  startup_stm32h743xx.o(.text)
    RCC_IRQHandler                           0x080002c7   Thumb Code     0  startup_stm32h743xx.o(.text)
    RNG_IRQHandler                           0x080002c7   Thumb Code     0  startup_stm32h743xx.o(.text)
    RTC_Alarm_IRQHandler                     0x080002c7   Thumb Code     0  startup_stm32h743xx.o(.text)
    RTC_WKUP_IRQHandler                      0x080002c7   Thumb Code     0  startup_stm32h743xx.o(.text)
    SAI1_IRQHandler                          0x080002c7   Thumb Code     0  startup_stm32h743xx.o(.text)
    SAI2_IRQHandler                          0x080002c7   Thumb Code     0  startup_stm32h743xx.o(.text)
    SAI3_IRQHandler                          0x080002c7   Thumb Code     0  startup_stm32h743xx.o(.text)
    SAI4_IRQHandler                          0x080002c7   Thumb Code     0  startup_stm32h743xx.o(.text)
    SDMMC1_IRQHandler                        0x080002c7   Thumb Code     0  startup_stm32h743xx.o(.text)
    SDMMC2_IRQHandler                        0x080002c7   Thumb Code     0  startup_stm32h743xx.o(.text)
    SPDIF_RX_IRQHandler                      0x080002c7   Thumb Code     0  startup_stm32h743xx.o(.text)
    SPI1_IRQHandler                          0x080002c7   Thumb Code     0  startup_stm32h743xx.o(.text)
    SPI2_IRQHandler                          0x080002c7   Thumb Code     0  startup_stm32h743xx.o(.text)
    SPI3_IRQHandler                          0x080002c7   Thumb Code     0  startup_stm32h743xx.o(.text)
    SPI4_IRQHandler                          0x080002c7   Thumb Code     0  startup_stm32h743xx.o(.text)
    SPI5_IRQHandler                          0x080002c7   Thumb Code     0  startup_stm32h743xx.o(.text)
    SPI6_IRQHandler                          0x080002c7   Thumb Code     0  startup_stm32h743xx.o(.text)
    SWPMI1_IRQHandler                        0x080002c7   Thumb Code     0  startup_stm32h743xx.o(.text)
    TAMP_STAMP_IRQHandler                    0x080002c7   Thumb Code     0  startup_stm32h743xx.o(.text)
    TIM16_IRQHandler                         0x080002c7   Thumb Code     0  startup_stm32h743xx.o(.text)
    TIM17_IRQHandler                         0x080002c7   Thumb Code     0  startup_stm32h743xx.o(.text)
    TIM1_BRK_IRQHandler                      0x080002c7   Thumb Code     0  startup_stm32h743xx.o(.text)
    TIM1_CC_IRQHandler                       0x080002c7   Thumb Code     0  startup_stm32h743xx.o(.text)
    TIM1_TRG_COM_IRQHandler                  0x080002c7   Thumb Code     0  startup_stm32h743xx.o(.text)
    TIM1_UP_IRQHandler                       0x080002c7   Thumb Code     0  startup_stm32h743xx.o(.text)
    TIM2_IRQHandler                          0x080002c7   Thumb Code     0  startup_stm32h743xx.o(.text)
    TIM5_IRQHandler                          0x080002c7   Thumb Code     0  startup_stm32h743xx.o(.text)
    TIM6_DAC_IRQHandler                      0x080002c7   Thumb Code     0  startup_stm32h743xx.o(.text)
    TIM7_IRQHandler                          0x080002c7   Thumb Code     0  startup_stm32h743xx.o(.text)
    TIM8_BRK_TIM12_IRQHandler                0x080002c7   Thumb Code     0  startup_stm32h743xx.o(.text)
    TIM8_CC_IRQHandler                       0x080002c7   Thumb Code     0  startup_stm32h743xx.o(.text)
    TIM8_TRG_COM_TIM14_IRQHandler            0x080002c7   Thumb Code     0  startup_stm32h743xx.o(.text)
    TIM8_UP_TIM13_IRQHandler                 0x080002c7   Thumb Code     0  startup_stm32h743xx.o(.text)
    UART4_IRQHandler                         0x080002c7   Thumb Code     0  startup_stm32h743xx.o(.text)
    UART5_IRQHandler                         0x080002c7   Thumb Code     0  startup_stm32h743xx.o(.text)
    UART7_IRQHandler                         0x080002c7   Thumb Code     0  startup_stm32h743xx.o(.text)
    UART8_IRQHandler                         0x080002c7   Thumb Code     0  startup_stm32h743xx.o(.text)
    USART2_IRQHandler                        0x080002c7   Thumb Code     0  startup_stm32h743xx.o(.text)
    USART3_IRQHandler                        0x080002c7   Thumb Code     0  startup_stm32h743xx.o(.text)
    USART6_IRQHandler                        0x080002c7   Thumb Code     0  startup_stm32h743xx.o(.text)
    WAKEUP_PIN_IRQHandler                    0x080002c7   Thumb Code     0  startup_stm32h743xx.o(.text)
    WWDG_IRQHandler                          0x080002c7   Thumb Code     0  startup_stm32h743xx.o(.text)
    __aeabi_uldivmod                         0x080002d1   Thumb Code    98  uldiv.o(.text)
    __aeabi_memset                           0x08000333   Thumb Code    14  memseta.o(.text)
    __aeabi_memset4                          0x08000333   Thumb Code     0  memseta.o(.text)
    __aeabi_memset8                          0x08000333   Thumb Code     0  memseta.o(.text)
    __aeabi_memclr                           0x08000341   Thumb Code     4  memseta.o(.text)
    __aeabi_memclr4                          0x08000341   Thumb Code     0  memseta.o(.text)
    __aeabi_memclr8                          0x08000341   Thumb Code     0  memseta.o(.text)
    _memset$wrapper                          0x08000345   Thumb Code    18  memseta.o(.text)
    __aeabi_uidiv                            0x08000357   Thumb Code     0  uidiv.o(.text)
    __aeabi_uidivmod                         0x08000357   Thumb Code    44  uidiv.o(.text)
    __aeabi_llsl                             0x08000383   Thumb Code    30  llshl.o(.text)
    _ll_shift_l                              0x08000383   Thumb Code     0  llshl.o(.text)
    __aeabi_llsr                             0x080003a1   Thumb Code    32  llushr.o(.text)
    _ll_ushift_r                             0x080003a1   Thumb Code     0  llushr.o(.text)
    __I$use$fp                               0x080003c1   Thumb Code     0  iusefp.o(.text)
    __aeabi_dadd                             0x080003c1   Thumb Code   322  dadd.o(.text)
    __aeabi_dsub                             0x08000503   Thumb Code     6  dadd.o(.text)
    __aeabi_drsub                            0x08000509   Thumb Code     6  dadd.o(.text)
    __aeabi_dmul                             0x0800050f   Thumb Code   228  dmul.o(.text)
    __aeabi_ddiv                             0x080005f3   Thumb Code   222  ddiv.o(.text)
    __aeabi_d2ulz                            0x080006d1   Thumb Code    48  dfixul.o(.text)
    __aeabi_cdrcmple                         0x08000701   Thumb Code    48  cdrcmple.o(.text)
    __scatterload                            0x08000731   Thumb Code    28  init.o(.text)
    __scatterload_rt2                        0x08000731   Thumb Code     0  init.o(.text)
    __aeabi_lasr                             0x08000755   Thumb Code    36  llsshr.o(.text)
    _ll_sshift_r                             0x08000755   Thumb Code     0  llsshr.o(.text)
    _double_round                            0x08000779   Thumb Code    30  depilogue.o(.text)
    _double_epilogue                         0x08000797   Thumb Code   156  depilogue.o(.text)
    ADC_ConfigureBoostMode                   0x08000839   Thumb Code   540  stm32h7xx_hal_adc.o(.text.ADC_ConfigureBoostMode)
    ADC_ConversionStop                       0x08000a59   Thumb Code   424  stm32h7xx_hal_adc.o(.text.ADC_ConversionStop)
    ADC_DMAConvCplt                          0x08000c01   Thumb Code   224  stm32h7xx_hal_adc.o(.text.ADC_DMAConvCplt)
    ADC_DMAError                             0x08000ce1   Thumb Code    46  stm32h7xx_hal_adc.o(.text.ADC_DMAError)
    ADC_DMAHalfConvCplt                      0x08000d11   Thumb Code    26  stm32h7xx_hal_adc.o(.text.ADC_DMAHalfConvCplt)
    ADC_Disable                              0x08000d31   Thumb Code   212  stm32h7xx_hal_adc.o(.text.ADC_Disable)
    ADC_Enable                               0x08000e09   Thumb Code   350  stm32h7xx_hal_adc.o(.text.ADC_Enable)
    BusFault_Handler                         0x08000f69   Thumb Code     4  stm32h7xx_it.o(.text.BusFault_Handler)
    DMA1_Stream0_IRQHandler                  0x08000f71   Thumb Code    16  stm32h7xx_it.o(.text.DMA1_Stream0_IRQHandler)
    DebugMon_Handler                         0x08001a49   Thumb Code     2  stm32h7xx_it.o(.text.DebugMon_Handler)
    Error_Handler                            0x08001a51   Thumb Code    14  main.o(.text.Error_Handler)
    HAL_ADCEx_Calibration_Start              0x08001a61   Thumb Code   248  stm32h7xx_hal_adc_ex.o(.text.HAL_ADCEx_Calibration_Start)
    HAL_ADC_ConfigChannel                    0x08001b59   Thumb Code  2182  stm32h7xx_hal_adc.o(.text.HAL_ADC_ConfigChannel)
    HAL_ADC_ConvCpltCallback                 0x080023e1   Thumb Code    24  main.o(.text.HAL_ADC_ConvCpltCallback)
    HAL_ADC_ConvHalfCpltCallback             0x080023f9   Thumb Code    12  stm32h7xx_hal_adc.o(.text.HAL_ADC_ConvHalfCpltCallback)
    HAL_ADC_DeInit                           0x08002409   Thumb Code   762  stm32h7xx_hal_adc.o(.text.HAL_ADC_DeInit)
    HAL_ADC_ErrorCallback                    0x08002709   Thumb Code    12  stm32h7xx_hal_adc.o(.text.HAL_ADC_ErrorCallback)
    HAL_ADC_Init                             0x08002719   Thumb Code  1008  stm32h7xx_hal_adc.o(.text.HAL_ADC_Init)
    HAL_ADC_MspDeInit                        0x08002b09   Thumb Code    74  adc.o(.text.HAL_ADC_MspDeInit)
    HAL_ADC_MspInit                          0x08002b59   Thumb Code   294  adc.o(.text.HAL_ADC_MspInit)
    HAL_ADC_Start_DMA                        0x08002c81   Thumb Code   504  stm32h7xx_hal_adc.o(.text.HAL_ADC_Start_DMA)
    HAL_DMA_Abort                            0x08002e79   Thumb Code  2458  stm32h7xx_hal_dma.o(.text.HAL_DMA_Abort)
    HAL_DMA_Abort_IT                         0x08003819   Thumb Code  1736  stm32h7xx_hal_dma.o(.text.HAL_DMA_Abort_IT)
    HAL_DMA_DeInit                           0x08003ee1   Thumb Code  1180  stm32h7xx_hal_dma.o(.text.HAL_DMA_DeInit)
    HAL_DMA_IRQHandler                       0x08004381   Thumb Code  4666  stm32h7xx_hal_dma.o(.text.HAL_DMA_IRQHandler)
    HAL_DMA_Init                             0x080055c1   Thumb Code  2452  stm32h7xx_hal_dma.o(.text.HAL_DMA_Init)
    HAL_DMA_Start_IT                         0x08005f59   Thumb Code  1842  stm32h7xx_hal_dma.o(.text.HAL_DMA_Start_IT)
    HAL_Delay                                0x08006691   Thumb Code    78  stm32h7xx_hal.o(.text.HAL_Delay)
    HAL_GPIO_DeInit                          0x080066e1   Thumb Code   610  stm32h7xx_hal_gpio.o(.text.HAL_GPIO_DeInit)
    HAL_GPIO_Init                            0x08006949   Thumb Code   986  stm32h7xx_hal_gpio.o(.text.HAL_GPIO_Init)
    HAL_GetREVID                             0x08006d29   Thumb Code    14  stm32h7xx_hal.o(.text.HAL_GetREVID)
    HAL_GetTick                              0x08006d39   Thumb Code    12  stm32h7xx_hal.o(.text.HAL_GetTick)
    HAL_IncTick                              0x08006d49   Thumb Code    26  stm32h7xx_hal.o(.text.HAL_IncTick)
    HAL_Init                                 0x08006d69   Thumb Code   130  stm32h7xx_hal.o(.text.HAL_Init)
    HAL_InitTick                             0x08006df1   Thumb Code   142  stm32h7xx_hal.o(.text.HAL_InitTick)
    HAL_MPU_ConfigRegion                     0x08006e81   Thumb Code   148  stm32h7xx_hal_cortex.o(.text.HAL_MPU_ConfigRegion)
    HAL_MPU_Disable                          0x08006f19   Thumb Code    34  stm32h7xx_hal_cortex.o(.text.HAL_MPU_Disable)
    HAL_MPU_Enable                           0x08006f41   Thumb Code    52  stm32h7xx_hal_cortex.o(.text.HAL_MPU_Enable)
    HAL_MspInit                              0x08006f79   Thumb Code    38  stm32h7xx_hal_msp.o(.text.HAL_MspInit)
    HAL_NVIC_EnableIRQ                       0x08006fa1   Thumb Code    24  stm32h7xx_hal_cortex.o(.text.HAL_NVIC_EnableIRQ)
    HAL_NVIC_SetPriority                     0x08006fb9   Thumb Code    72  stm32h7xx_hal_cortex.o(.text.HAL_NVIC_SetPriority)
    HAL_NVIC_SetPriorityGrouping             0x08007001   Thumb Code    20  stm32h7xx_hal_cortex.o(.text.HAL_NVIC_SetPriorityGrouping)
    HAL_PWREx_ConfigSupply                   0x08007019   Thumb Code   170  stm32h7xx_hal_pwr_ex.o(.text.HAL_PWREx_ConfigSupply)
    HAL_RCCEx_GetD3PCLK1Freq                 0x080070c9   Thumb Code    42  stm32h7xx_hal_rcc_ex.o(.text.HAL_RCCEx_GetD3PCLK1Freq)
    HAL_RCCEx_GetPLL1ClockFreq               0x080070f9   Thumb Code   692  stm32h7xx_hal_rcc_ex.o(.text.HAL_RCCEx_GetPLL1ClockFreq)
    HAL_RCCEx_GetPLL2ClockFreq               0x080073b1   Thumb Code   692  stm32h7xx_hal_rcc_ex.o(.text.HAL_RCCEx_GetPLL2ClockFreq)
    HAL_RCCEx_GetPLL3ClockFreq               0x08007669   Thumb Code   692  stm32h7xx_hal_rcc_ex.o(.text.HAL_RCCEx_GetPLL3ClockFreq)
    HAL_RCCEx_GetPeriphCLKFreq               0x08007921   Thumb Code  3204  stm32h7xx_hal_rcc_ex.o(.text.HAL_RCCEx_GetPeriphCLKFreq)
    HAL_RCCEx_PeriphCLKConfig                0x080085a9   Thumb Code  4374  stm32h7xx_hal_rcc_ex.o(.text.HAL_RCCEx_PeriphCLKConfig)
    HAL_RCC_ClockConfig                      0x080096c1   Thumb Code  1194  stm32h7xx_hal_rcc.o(.text.HAL_RCC_ClockConfig)
    HAL_RCC_GetHCLKFreq                      0x08009b71   Thumb Code    88  stm32h7xx_hal_rcc.o(.text.HAL_RCC_GetHCLKFreq)
    HAL_RCC_GetPCLK1Freq                     0x08009bc9   Thumb Code    42  stm32h7xx_hal_rcc.o(.text.HAL_RCC_GetPCLK1Freq)
    HAL_RCC_GetPCLK2Freq                     0x08009bf9   Thumb Code    42  stm32h7xx_hal_rcc.o(.text.HAL_RCC_GetPCLK2Freq)
    HAL_RCC_GetSysClockFreq                  0x08009c29   Thumb Code   788  stm32h7xx_hal_rcc.o(.text.HAL_RCC_GetSysClockFreq)
    HAL_RCC_OscConfig                        0x08009f41   Thumb Code  2998  stm32h7xx_hal_rcc.o(.text.HAL_RCC_OscConfig)
    HAL_SYSTICK_Config                       0x0800aaf9   Thumb Code    20  stm32h7xx_hal_cortex.o(.text.HAL_SYSTICK_Config)
    HAL_TIMEx_Break2Callback                 0x0800ab11   Thumb Code    12  stm32h7xx_hal_tim_ex.o(.text.HAL_TIMEx_Break2Callback)
    HAL_TIMEx_BreakCallback                  0x0800ab21   Thumb Code    12  stm32h7xx_hal_tim_ex.o(.text.HAL_TIMEx_BreakCallback)
    HAL_TIMEx_CommutCallback                 0x0800ab31   Thumb Code    12  stm32h7xx_hal_tim_ex.o(.text.HAL_TIMEx_CommutCallback)
    HAL_TIMEx_MasterConfigSynchronization    0x0800ab41   Thumb Code   352  stm32h7xx_hal_tim_ex.o(.text.HAL_TIMEx_MasterConfigSynchronization)
    HAL_TIM_Base_Init                        0x0800aca1   Thumb Code   182  stm32h7xx_hal_tim.o(.text.HAL_TIM_Base_Init)
    HAL_TIM_Base_MspInit                     0x0800ad59   Thumb Code   584  tim.o(.text.HAL_TIM_Base_MspInit)
    HAL_TIM_Base_Start                       0x0800afa1   Thumb Code   252  stm32h7xx_hal_tim.o(.text.HAL_TIM_Base_Start)
    HAL_TIM_Base_Stop                        0x0800b0a1   Thumb Code    74  stm32h7xx_hal_tim.o(.text.HAL_TIM_Base_Stop)
    HAL_TIM_ConfigClockSource                0x0800b0f1   Thumb Code   504  stm32h7xx_hal_tim.o(.text.HAL_TIM_ConfigClockSource)
    HAL_TIM_IC_CaptureCallback               0x0800b2e9   Thumb Code   264  local_it.o(.text.HAL_TIM_IC_CaptureCallback)
    HAL_TIM_IC_ConfigChannel                 0x0800b3f1   Thumb Code   354  stm32h7xx_hal_tim.o(.text.HAL_TIM_IC_ConfigChannel)
    HAL_TIM_IC_Init                          0x0800b559   Thumb Code   182  stm32h7xx_hal_tim.o(.text.HAL_TIM_IC_Init)
    HAL_TIM_IC_MspInit                       0x0800b611   Thumb Code    12  stm32h7xx_hal_tim.o(.text.HAL_TIM_IC_MspInit)
    HAL_TIM_IC_Stop_IT                       0x0800b621   Thumb Code   416  stm32h7xx_hal_tim.o(.text.HAL_TIM_IC_Stop_IT)
    HAL_TIM_IRQHandler                       0x0800b7c1   Thumb Code   704  stm32h7xx_hal_tim.o(.text.HAL_TIM_IRQHandler)
    HAL_TIM_MspPostInit                      0x0800ba81   Thumb Code   106  tim.o(.text.HAL_TIM_MspPostInit)
    HAL_TIM_OC_DelayElapsedCallback          0x0800baf1   Thumb Code    12  stm32h7xx_hal_tim.o(.text.HAL_TIM_OC_DelayElapsedCallback)
    HAL_TIM_PWM_ConfigChannel                0x0800bb01   Thumb Code   466  stm32h7xx_hal_tim.o(.text.HAL_TIM_PWM_ConfigChannel)
    HAL_TIM_PWM_Init                         0x0800bcd9   Thumb Code   182  stm32h7xx_hal_tim.o(.text.HAL_TIM_PWM_Init)
    HAL_TIM_PWM_MspInit                      0x0800bd91   Thumb Code    12  stm32h7xx_hal_tim.o(.text.HAL_TIM_PWM_MspInit)
    HAL_TIM_PWM_PulseFinishedCallback        0x0800bda1   Thumb Code    12  stm32h7xx_hal_tim.o(.text.HAL_TIM_PWM_PulseFinishedCallback)
    HAL_TIM_PeriodElapsedCallback            0x0800bdb1   Thumb Code   152  local_it.o(.text.HAL_TIM_PeriodElapsedCallback)
    HAL_TIM_ReadCapturedValue                0x0800be49   Thumb Code    94  stm32h7xx_hal_tim.o(.text.HAL_TIM_ReadCapturedValue)
    HAL_TIM_TriggerCallback                  0x0800bea9   Thumb Code    12  stm32h7xx_hal_tim.o(.text.HAL_TIM_TriggerCallback)
    HAL_UARTEx_DisableFifoMode               0x0800beb9   Thumb Code   128  stm32h7xx_hal_uart_ex.o(.text.HAL_UARTEx_DisableFifoMode)
    HAL_UARTEx_RxEventCallback               0x0800bf39   Thumb Code    20  stm32h7xx_hal_uart.o(.text.HAL_UARTEx_RxEventCallback)
    HAL_UARTEx_RxFifoFullCallback            0x0800bf51   Thumb Code    12  stm32h7xx_hal_uart_ex.o(.text.HAL_UARTEx_RxFifoFullCallback)
    HAL_UARTEx_SetRxFifoThreshold            0x0800bf61   Thumb Code   148  stm32h7xx_hal_uart_ex.o(.text.HAL_UARTEx_SetRxFifoThreshold)
    HAL_UARTEx_SetTxFifoThreshold            0x0800bff9   Thumb Code   148  stm32h7xx_hal_uart_ex.o(.text.HAL_UARTEx_SetTxFifoThreshold)
    HAL_UARTEx_TxFifoEmptyCallback           0x0800c091   Thumb Code    12  stm32h7xx_hal_uart_ex.o(.text.HAL_UARTEx_TxFifoEmptyCallback)
    HAL_UARTEx_WakeupCallback                0x0800c0a1   Thumb Code    12  stm32h7xx_hal_uart_ex.o(.text.HAL_UARTEx_WakeupCallback)
    HAL_UART_ErrorCallback                   0x0800c0b1   Thumb Code    12  stm32h7xx_hal_uart.o(.text.HAL_UART_ErrorCallback)
    HAL_UART_IRQHandler                      0x0800c0c1   Thumb Code  1766  stm32h7xx_hal_uart.o(.text.HAL_UART_IRQHandler)
    HAL_UART_Init                            0x0800c7a9   Thumb Code   182  stm32h7xx_hal_uart.o(.text.HAL_UART_Init)
    HAL_UART_MspInit                         0x0800c861   Thumb Code   206  usart.o(.text.HAL_UART_MspInit)
    HAL_UART_Transmit                        0x0800c931   Thumb Code   346  stm32h7xx_hal_uart.o(.text.HAL_UART_Transmit)
    HAL_UART_TxCpltCallback                  0x0800ca91   Thumb Code    12  stm32h7xx_hal_uart.o(.text.HAL_UART_TxCpltCallback)
    HardFault_Handler                        0x0800caa1   Thumb Code     4  stm32h7xx_it.o(.text.HardFault_Handler)
    MX_ADC2_Init                             0x0800cfc1   Thumb Code   162  adc.o(.text.MX_ADC2_Init)
    MX_DMA_Init                              0x0800d069   Thumb Code    60  dma.o(.text.MX_DMA_Init)
    MX_GPIO_Init                             0x0800d0a9   Thumb Code   166  gpio.o(.text.MX_GPIO_Init)
    MX_TIM12_Init                            0x0800d151   Thumb Code   140  tim.o(.text.MX_TIM12_Init)
    MX_TIM15_Init                            0x0800d1e1   Thumb Code   142  tim.o(.text.MX_TIM15_Init)
    MX_TIM2_Init                             0x0800d271   Thumb Code   144  tim.o(.text.MX_TIM2_Init)
    MX_TIM3_Init                             0x0800d301   Thumb Code   144  tim.o(.text.MX_TIM3_Init)
    MX_TIM4_Init                             0x0800d391   Thumb Code   222  tim.o(.text.MX_TIM4_Init)
    MX_TIM5_Init                             0x0800d471   Thumb Code   240  tim.o(.text.MX_TIM5_Init)
    MX_TIM7_Init                             0x0800d561   Thumb Code    98  tim.o(.text.MX_TIM7_Init)
    MX_USART1_UART_Init                      0x0800d5c9   Thumb Code   142  usart.o(.text.MX_USART1_UART_Init)
    MemManage_Handler                        0x0800d659   Thumb Code     4  stm32h7xx_it.o(.text.MemManage_Handler)
    NMI_Handler                              0x0800d661   Thumb Code     4  stm32h7xx_it.o(.text.NMI_Handler)
    PendSV_Handler                           0x0800d6e9   Thumb Code     2  stm32h7xx_it.o(.text.PendSV_Handler)
    SVC_Handler                              0x0800daa1   Thumb Code     2  stm32h7xx_it.o(.text.SVC_Handler)
    SysTick_Handler                          0x0800db09   Thumb Code     8  stm32h7xx_it.o(.text.SysTick_Handler)
    SystemClock_Config                       0x0800db11   Thumb Code   354  main.o(.text.SystemClock_Config)
    SystemInit                               0x0800dc79   Thumb Code   346  system_stm32h7xx.o(.text.SystemInit)
    TIM15_IRQHandler                         0x0800ddd9   Thumb Code    16  stm32h7xx_it.o(.text.TIM15_IRQHandler)
    TIM3_IRQHandler                          0x0800dde9   Thumb Code    16  stm32h7xx_it.o(.text.TIM3_IRQHandler)
    TIM4_IRQHandler                          0x0800ddf9   Thumb Code    16  stm32h7xx_it.o(.text.TIM4_IRQHandler)
    TIM_Base_SetConfig                       0x0800de09   Thumb Code   418  stm32h7xx_hal_tim.o(.text.TIM_Base_SetConfig)
    TIM_CCxChannelCmd                        0x0800dfb1   Thumb Code    74  stm32h7xx_hal_tim.o(.text.TIM_CCxChannelCmd)
    TIM_ETR_SetConfig                        0x0800e001   Thumb Code    74  stm32h7xx_hal_tim.o(.text.TIM_ETR_SetConfig)
    TIM_OC2_SetConfig                        0x0800e1e1   Thumb Code   378  stm32h7xx_hal_tim.o(.text.TIM_OC2_SetConfig)
    TIM_TI1_SetConfig                        0x0800e7e1   Thumb Code   302  stm32h7xx_hal_tim.o(.text.TIM_TI1_SetConfig)
    UART_AdvFeatureConfig                    0x0800eb99   Thumb Code   318  stm32h7xx_hal_uart.o(.text.UART_AdvFeatureConfig)
    UART_CheckIdleState                      0x0800ecd9   Thumb Code   334  stm32h7xx_hal_uart.o(.text.UART_CheckIdleState)
    UART_SetConfig                           0x0800ef41   Thumb Code  2364  stm32h7xx_hal_uart.o(.text.UART_SetConfig)
    UART_WaitOnFlagUntilTimeout              0x0800f881   Thumb Code   282  stm32h7xx_hal_uart.o(.text.UART_WaitOnFlagUntilTimeout)
    USART1_IRQHandler                        0x0800f9a1   Thumb Code    16  stm32h7xx_it.o(.text.USART1_IRQHandler)
    UsageFault_Handler                       0x0800f9b1   Thumb Code     4  stm32h7xx_it.o(.text.UsageFault_Handler)
    adc_start                                0x0800fa91   Thumb Code   200  main.o(.text.adc_start)
    fputc                                    0x0800fb59   Thumb Code    52  usart.o(.text.fputc)
    main                                     0x0800fb91   Thumb Code   354  main.o(.text.main)
    __0printf                                0x0800fcf5   Thumb Code    22  printfa.o(i.__0printf)
    __1printf                                0x0800fcf5   Thumb Code     0  printfa.o(i.__0printf)
    __2printf                                0x0800fcf5   Thumb Code     0  printfa.o(i.__0printf)
    __c89printf                              0x0800fcf5   Thumb Code     0  printfa.o(i.__0printf)
    printf                                   0x0800fcf5   Thumb Code     0  printfa.o(i.__0printf)
    __scatterload_copy                       0x0800fd15   Thumb Code    14  handlers.o(i.__scatterload_copy)
    __scatterload_null                       0x0800fd23   Thumb Code     2  handlers.o(i.__scatterload_null)
    __scatterload_zeroinit                   0x0800fd25   Thumb Code    14  handlers.o(i.__scatterload_zeroinit)
    D1CorePrescTable                         0x080105e6   Data          16  system_stm32h7xx.o(.rodata.D1CorePrescTable)
    UARTPrescTable                           0x0801060e   Data          24  stm32h7xx_hal_uart.o(.rodata.UARTPrescTable)
    Region$$Table$$Base                      0x080106a4   Number         0  anon$$obj.o(Region$$Table)
    Region$$Table$$Limit                     0x080106c4   Number         0  anon$$obj.o(Region$$Table)
    __stdout                                 0x24000000   Data           4  stdout.o(.data)
    SystemCoreClock                          0x24000004   Data           4  system_stm32h7xx.o(.data.SystemCoreClock)
    SystemD2Clock                            0x24000008   Data           4  system_stm32h7xx.o(.data.SystemD2Clock)
    uwTickFreq                               0x2400000c   Data           1  stm32h7xx_hal.o(.data.uwTickFreq)
    uwTickPrio                               0x24000010   Data           4  stm32h7xx_hal.o(.data.uwTickPrio)
    AdcConvEnd                               0x24000018   Data           1  main.o(.bss.AdcConvEnd)
    adc_value                                0x2400001a   Data           2  main.o(.bss.adc_value)
    capture_buf                              0x2400001c   Data          16  main.o(.bss.capture_buf)
    capture_state                            0x2400002c   Data           4  main.o(.bss.capture_state)
    hadc2                                    0x24000030   Data         100  adc.o(.bss.hadc2)
    hdma_adc2                                0x24000094   Data         120  adc.o(.bss.hdma_adc2)
    htim12                                   0x2400010c   Data          76  tim.o(.bss.htim12)
    htim15                                   0x24000158   Data          76  tim.o(.bss.htim15)
    htim2                                    0x240001a4   Data          76  tim.o(.bss.htim2)
    htim3                                    0x240001f0   Data          76  tim.o(.bss.htim3)
    htim4                                    0x2400023c   Data          76  tim.o(.bss.htim4)
    htim5                                    0x24000288   Data          76  tim.o(.bss.htim5)
    htim7                                    0x240002d4   Data          76  tim.o(.bss.htim7)
    huart1                                   0x24000320   Data         148  usart.o(.bss.huart1)
    pwm_flag                                 0x240003b4   Data           4  main.o(.bss.pwm_flag)
    pwm_val                                  0x240003b8   Data           4  main.o(.bss.pwm_val)
    uwTick                                   0x240003bc   Data           4  stm32h7xx_hal.o(.bss.uwTick)
    __initial_sp                             0x240077c0   Data           0  startup_stm32h743xx.o(STACK)



==============================================================================

Memory Map of the image

  Image Entry point : 0x08000299

  Load Region LR_IROM1 (Base: 0x08000000, Size: 0x000106e0, Max: 0x00200000, ABSOLUTE)

    Execution Region ER_IROM1 (Exec base: 0x08000000, Load base: 0x08000000, Size: 0x000106c4, Max: 0x00200000, ABSOLUTE)

    Exec Addr    Load Addr    Size         Type   Attr      Idx    E Section Name        Object

    0x08000000   0x08000000   0x00000298   Data   RO            3    RESET               startup_stm32h743xx.o
    0x08000298   0x08000298   0x00000000   Code   RO         1978  * .ARM.Collect$$$$00000000  mc_w.l(entry.o)
    0x08000298   0x08000298   0x00000004   Code   RO         2064    .ARM.Collect$$$$00000001  mc_w.l(entry2.o)
    0x0800029c   0x0800029c   0x00000004   Code   RO         2067    .ARM.Collect$$$$00000004  mc_w.l(entry5.o)
    0x080002a0   0x080002a0   0x00000000   Code   RO         2069    .ARM.Collect$$$$00000008  mc_w.l(entry7b.o)
    0x080002a0   0x080002a0   0x00000000   Code   RO         2071    .ARM.Collect$$$$0000000A  mc_w.l(entry8b.o)
    0x080002a0   0x080002a0   0x00000008   Code   RO         2072    .ARM.Collect$$$$0000000B  mc_w.l(entry9a.o)
    0x080002a8   0x080002a8   0x00000000   Code   RO         2074    .ARM.Collect$$$$0000000D  mc_w.l(entry10a.o)
    0x080002a8   0x080002a8   0x00000000   Code   RO         2076    .ARM.Collect$$$$0000000F  mc_w.l(entry11a.o)
    0x080002a8   0x080002a8   0x00000004   Code   RO         2065    .ARM.Collect$$$$00002712  mc_w.l(entry2.o)
    0x080002ac   0x080002ac   0x00000024   Code   RO            4    .text               startup_stm32h743xx.o
    0x080002d0   0x080002d0   0x00000062   Code   RO         1981    .text               mc_w.l(uldiv.o)
    0x08000332   0x08000332   0x00000024   Code   RO         1983    .text               mc_w.l(memseta.o)
    0x08000356   0x08000356   0x0000002c   Code   RO         2079    .text               mc_w.l(uidiv.o)
    0x08000382   0x08000382   0x0000001e   Code   RO         2081    .text               mc_w.l(llshl.o)
    0x080003a0   0x080003a0   0x00000020   Code   RO         2083    .text               mc_w.l(llushr.o)
    0x080003c0   0x080003c0   0x00000000   Code   RO         2092    .text               mc_w.l(iusefp.o)
    0x080003c0   0x080003c0   0x0000014e   Code   RO         2093    .text               mf_w.l(dadd.o)
    0x0800050e   0x0800050e   0x000000e4   Code   RO         2095    .text               mf_w.l(dmul.o)
    0x080005f2   0x080005f2   0x000000de   Code   RO         2097    .text               mf_w.l(ddiv.o)
    0x080006d0   0x080006d0   0x00000030   Code   RO         2101    .text               mf_w.l(dfixul.o)
    0x08000700   0x08000700   0x00000030   Code   RO         2103    .text               mf_w.l(cdrcmple.o)
    0x08000730   0x08000730   0x00000024   Code   RO         2105    .text               mc_w.l(init.o)
    0x08000754   0x08000754   0x00000024   Code   RO         2107    .text               mc_w.l(llsshr.o)
    0x08000778   0x08000778   0x000000ba   Code   RO         2109    .text               mf_w.l(depilogue.o)
    0x08000832   0x08000832   0x00000006   PAD
    0x08000838   0x08000838   0x0000021c   Code   RO          240    .text.ADC_ConfigureBoostMode  stm32h7xx_hal_adc.o
    0x08000a54   0x08000a54   0x00000004   PAD
    0x08000a58   0x08000a58   0x000001a8   Code   RO          244    .text.ADC_ConversionStop  stm32h7xx_hal_adc.o
    0x08000c00   0x08000c00   0x000000e0   Code   RO          274    .text.ADC_DMAConvCplt  stm32h7xx_hal_adc.o
    0x08000ce0   0x08000ce0   0x0000002e   Code   RO          278    .text.ADC_DMAError  stm32h7xx_hal_adc.o
    0x08000d0e   0x08000d0e   0x00000002   PAD
    0x08000d10   0x08000d10   0x0000001a   Code   RO          276    .text.ADC_DMAHalfConvCplt  stm32h7xx_hal_adc.o
    0x08000d2a   0x08000d2a   0x00000006   PAD
    0x08000d30   0x08000d30   0x000000d4   Code   RO          246    .text.ADC_Disable   stm32h7xx_hal_adc.o
    0x08000e04   0x08000e04   0x00000004   PAD
    0x08000e08   0x08000e08   0x0000015e   Code   RO          254    .text.ADC_Enable    stm32h7xx_hal_adc.o
    0x08000f66   0x08000f66   0x00000002   PAD
    0x08000f68   0x08000f68   0x00000004   Code   RO          181    .text.BusFault_Handler  stm32h7xx_it.o
    0x08000f6c   0x08000f6c   0x00000004   PAD
    0x08000f70   0x08000f70   0x00000010   Code   RO          193    .text.DMA1_Stream0_IRQHandler  stm32h7xx_it.o
    0x08000f80   0x08000f80   0x000001d2   Code   RO          739    .text.DMA_CalcBaseAndBitshift  stm32h7xx_hal_dma.o
    0x08001152   0x08001152   0x00000006   PAD
    0x08001158   0x08001158   0x00000186   Code   RO          741    .text.DMA_CalcDMAMUXChannelBaseAndMask  stm32h7xx_hal_dma.o
    0x080012de   0x080012de   0x00000002   PAD
    0x080012e0   0x080012e0   0x00000132   Code   RO          743    .text.DMA_CalcDMAMUXRequestGenBaseAndMask  stm32h7xx_hal_dma.o
    0x08001412   0x08001412   0x00000006   PAD
    0x08001418   0x08001418   0x000000f6   Code   RO          737    .text.DMA_CheckFifoParam  stm32h7xx_hal_dma.o
    0x0800150e   0x0800150e   0x00000002   PAD
    0x08001510   0x08001510   0x00000536   Code   RO          749    .text.DMA_SetConfig  stm32h7xx_hal_dma.o
    0x08001a46   0x08001a46   0x00000002   PAD
    0x08001a48   0x08001a48   0x00000002   Code   RO          187    .text.DebugMon_Handler  stm32h7xx_it.o
    0x08001a4a   0x08001a4a   0x00000006   PAD
    0x08001a50   0x08001a50   0x0000000e   Code   RO           48    .text.Error_Handler  main.o
    0x08001a5e   0x08001a5e   0x00000002   PAD
    0x08001a60   0x08001a60   0x000000f8   Code   RO          360    .text.HAL_ADCEx_Calibration_Start  stm32h7xx_hal_adc_ex.o
    0x08001b58   0x08001b58   0x00000886   Code   RO          298    .text.HAL_ADC_ConfigChannel  stm32h7xx_hal_adc.o
    0x080023de   0x080023de   0x00000002   PAD
    0x080023e0   0x080023e0   0x00000018   Code   RO           52    .text.HAL_ADC_ConvCpltCallback  main.o
    0x080023f8   0x080023f8   0x0000000c   Code   RO          296    .text.HAL_ADC_ConvHalfCpltCallback  stm32h7xx_hal_adc.o
    0x08002404   0x08002404   0x00000004   PAD
    0x08002408   0x08002408   0x000002fa   Code   RO          242    .text.HAL_ADC_DeInit  stm32h7xx_hal_adc.o
    0x08002702   0x08002702   0x00000006   PAD
    0x08002708   0x08002708   0x0000000c   Code   RO          294    .text.HAL_ADC_ErrorCallback  stm32h7xx_hal_adc.o
    0x08002714   0x08002714   0x00000004   PAD
    0x08002718   0x08002718   0x000003f0   Code   RO          220    .text.HAL_ADC_Init  stm32h7xx_hal_adc.o
    0x08002b08   0x08002b08   0x0000004a   Code   RO           94    .text.HAL_ADC_MspDeInit  adc.o
    0x08002b52   0x08002b52   0x00000006   PAD
    0x08002b58   0x08002b58   0x00000126   Code   RO           92    .text.HAL_ADC_MspInit  adc.o
    0x08002c7e   0x08002c7e   0x00000002   PAD
    0x08002c80   0x08002c80   0x000001f8   Code   RO          272    .text.HAL_ADC_Start_DMA  stm32h7xx_hal_adc.o
    0x08002e78   0x08002e78   0x0000099a   Code   RO          753    .text.HAL_DMA_Abort  stm32h7xx_hal_dma.o
    0x08003812   0x08003812   0x00000006   PAD
    0x08003818   0x08003818   0x000006c8   Code   RO          755    .text.HAL_DMA_Abort_IT  stm32h7xx_hal_dma.o
    0x08003ee0   0x08003ee0   0x0000049c   Code   RO          745    .text.HAL_DMA_DeInit  stm32h7xx_hal_dma.o
    0x0800437c   0x0800437c   0x00000004   PAD
    0x08004380   0x08004380   0x0000123a   Code   RO          759    .text.HAL_DMA_IRQHandler  stm32h7xx_hal_dma.o
    0x080055ba   0x080055ba   0x00000006   PAD
    0x080055c0   0x080055c0   0x00000994   Code   RO          735    .text.HAL_DMA_Init  stm32h7xx_hal_dma.o
    0x08005f54   0x08005f54   0x00000004   PAD
    0x08005f58   0x08005f58   0x00000732   Code   RO          751    .text.HAL_DMA_Start_IT  stm32h7xx_hal_dma.o
    0x0800668a   0x0800668a   0x00000006   PAD
    0x08006690   0x08006690   0x0000004e   Code   RO         1078    .text.HAL_Delay     stm32h7xx_hal.o
    0x080066de   0x080066de   0x00000002   PAD
    0x080066e0   0x080066e0   0x00000262   Code   RO          683    .text.HAL_GPIO_DeInit  stm32h7xx_hal_gpio.o
    0x08006942   0x08006942   0x00000006   PAD
    0x08006948   0x08006948   0x000003da   Code   RO          681    .text.HAL_GPIO_Init  stm32h7xx_hal_gpio.o
    0x08006d22   0x08006d22   0x00000006   PAD
    0x08006d28   0x08006d28   0x0000000e   Code   RO         1086    .text.HAL_GetREVID  stm32h7xx_hal.o
    0x08006d36   0x08006d36   0x00000002   PAD
    0x08006d38   0x08006d38   0x0000000c   Code   RO         1070    .text.HAL_GetTick   stm32h7xx_hal.o
    0x08006d44   0x08006d44   0x00000004   PAD
    0x08006d48   0x08006d48   0x0000001a   Code   RO         1068    .text.HAL_IncTick   stm32h7xx_hal.o
    0x08006d62   0x08006d62   0x00000006   PAD
    0x08006d68   0x08006d68   0x00000082   Code   RO         1058    .text.HAL_Init      stm32h7xx_hal.o
    0x08006dea   0x08006dea   0x00000006   PAD
    0x08006df0   0x08006df0   0x0000008e   Code   RO         1060    .text.HAL_InitTick  stm32h7xx_hal.o
    0x08006e7e   0x08006e7e   0x00000002   PAD
    0x08006e80   0x08006e80   0x00000094   Code   RO         1016    .text.HAL_MPU_ConfigRegion  stm32h7xx_hal_cortex.o
    0x08006f14   0x08006f14   0x00000004   PAD
    0x08006f18   0x08006f18   0x00000022   Code   RO         1012    .text.HAL_MPU_Disable  stm32h7xx_hal_cortex.o
    0x08006f3a   0x08006f3a   0x00000006   PAD
    0x08006f40   0x08006f40   0x00000034   Code   RO         1014    .text.HAL_MPU_Enable  stm32h7xx_hal_cortex.o
    0x08006f74   0x08006f74   0x00000004   PAD
    0x08006f78   0x08006f78   0x00000026   Code   RO          211    .text.HAL_MspInit   stm32h7xx_hal_msp.o
    0x08006f9e   0x08006f9e   0x00000002   PAD
    0x08006fa0   0x08006fa0   0x00000018   Code   RO          996    .text.HAL_NVIC_EnableIRQ  stm32h7xx_hal_cortex.o
    0x08006fb8   0x08006fb8   0x00000048   Code   RO          988    .text.HAL_NVIC_SetPriority  stm32h7xx_hal_cortex.o
    0x08007000   0x08007000   0x00000014   Code   RO          984    .text.HAL_NVIC_SetPriorityGrouping  stm32h7xx_hal_cortex.o
    0x08007014   0x08007014   0x00000004   PAD
    0x08007018   0x08007018   0x000000aa   Code   RO          896    .text.HAL_PWREx_ConfigSupply  stm32h7xx_hal_pwr_ex.o
    0x080070c2   0x080070c2   0x00000006   PAD
    0x080070c8   0x080070c8   0x0000002a   Code   RO          532    .text.HAL_RCCEx_GetD3PCLK1Freq  stm32h7xx_hal_rcc_ex.o
    0x080070f2   0x080070f2   0x00000006   PAD
    0x080070f8   0x080070f8   0x000002b4   Code   RO          526    .text.HAL_RCCEx_GetPLL1ClockFreq  stm32h7xx_hal_rcc_ex.o
    0x080073ac   0x080073ac   0x00000004   PAD
    0x080073b0   0x080073b0   0x000002b4   Code   RO          528    .text.HAL_RCCEx_GetPLL2ClockFreq  stm32h7xx_hal_rcc_ex.o
    0x08007664   0x08007664   0x00000004   PAD
    0x08007668   0x08007668   0x000002b4   Code   RO          530    .text.HAL_RCCEx_GetPLL3ClockFreq  stm32h7xx_hal_rcc_ex.o
    0x0800791c   0x0800791c   0x00000004   PAD
    0x08007920   0x08007920   0x00000c84   Code   RO          524    .text.HAL_RCCEx_GetPeriphCLKFreq  stm32h7xx_hal_rcc_ex.o
    0x080085a4   0x080085a4   0x00000004   PAD
    0x080085a8   0x080085a8   0x00001116   Code   RO          516    .text.HAL_RCCEx_PeriphCLKConfig  stm32h7xx_hal_rcc_ex.o
    0x080096be   0x080096be   0x00000002   PAD
    0x080096c0   0x080096c0   0x000004aa   Code   RO          484    .text.HAL_RCC_ClockConfig  stm32h7xx_hal_rcc.o
    0x08009b6a   0x08009b6a   0x00000006   PAD
    0x08009b70   0x08009b70   0x00000058   Code   RO          494    .text.HAL_RCC_GetHCLKFreq  stm32h7xx_hal_rcc.o
    0x08009bc8   0x08009bc8   0x0000002a   Code   RO          496    .text.HAL_RCC_GetPCLK1Freq  stm32h7xx_hal_rcc.o
    0x08009bf2   0x08009bf2   0x00000006   PAD
    0x08009bf8   0x08009bf8   0x0000002a   Code   RO          498    .text.HAL_RCC_GetPCLK2Freq  stm32h7xx_hal_rcc.o
    0x08009c22   0x08009c22   0x00000006   PAD
    0x08009c28   0x08009c28   0x00000314   Code   RO          486    .text.HAL_RCC_GetSysClockFreq  stm32h7xx_hal_rcc.o
    0x08009f3c   0x08009f3c   0x00000004   PAD
    0x08009f40   0x08009f40   0x00000bb6   Code   RO          482    .text.HAL_RCC_OscConfig  stm32h7xx_hal_rcc.o
    0x0800aaf6   0x0800aaf6   0x00000002   PAD
    0x0800aaf8   0x0800aaf8   0x00000014   Code   RO         1008    .text.HAL_SYSTICK_Config  stm32h7xx_hal_cortex.o
    0x0800ab0c   0x0800ab0c   0x00000004   PAD
    0x0800ab10   0x0800ab10   0x0000000c   Code   RO         1717    .text.HAL_TIMEx_Break2Callback  stm32h7xx_hal_tim_ex.o
    0x0800ab1c   0x0800ab1c   0x00000004   PAD
    0x0800ab20   0x0800ab20   0x0000000c   Code   RO         1715    .text.HAL_TIMEx_BreakCallback  stm32h7xx_hal_tim_ex.o
    0x0800ab2c   0x0800ab2c   0x00000004   PAD
    0x0800ab30   0x0800ab30   0x0000000c   Code   RO         1711    .text.HAL_TIMEx_CommutCallback  stm32h7xx_hal_tim_ex.o
    0x0800ab3c   0x0800ab3c   0x00000004   PAD
    0x0800ab40   0x0800ab40   0x00000160   Code   RO         1699    .text.HAL_TIMEx_MasterConfigSynchronization  stm32h7xx_hal_tim_ex.o
    0x0800aca0   0x0800aca0   0x000000b6   Code   RO         1381    .text.HAL_TIM_Base_Init  stm32h7xx_hal_tim.o
    0x0800ad56   0x0800ad56   0x00000002   PAD
    0x0800ad58   0x0800ad58   0x00000248   Code   RO          131    .text.HAL_TIM_Base_MspInit  tim.o
    0x0800afa0   0x0800afa0   0x000000fc   Code   RO         1391    .text.HAL_TIM_Base_Start  stm32h7xx_hal_tim.o
    0x0800b09c   0x0800b09c   0x00000004   PAD
    0x0800b0a0   0x0800b0a0   0x0000004a   Code   RO         1393    .text.HAL_TIM_Base_Stop  stm32h7xx_hal_tim.o
    0x0800b0ea   0x0800b0ea   0x00000006   PAD
    0x0800b0f0   0x0800b0f0   0x000001f8   Code   RO         1577    .text.HAL_TIM_ConfigClockSource  stm32h7xx_hal_tim.o
    0x0800b2e8   0x0800b2e8   0x00000108   Code   RO           17    .text.HAL_TIM_IC_CaptureCallback  local_it.o
    0x0800b3f0   0x0800b3f0   0x00000162   Code   RO         1541    .text.HAL_TIM_IC_ConfigChannel  stm32h7xx_hal_tim.o
    0x0800b552   0x0800b552   0x00000006   PAD
    0x0800b558   0x0800b558   0x000000b6   Code   RO         1455    .text.HAL_TIM_IC_Init  stm32h7xx_hal_tim.o
    0x0800b60e   0x0800b60e   0x00000002   PAD
    0x0800b610   0x0800b610   0x0000000c   Code   RO         1457    .text.HAL_TIM_IC_MspInit  stm32h7xx_hal_tim.o
    0x0800b61c   0x0800b61c   0x00000004   PAD
    0x0800b620   0x0800b620   0x000001a0   Code   RO         1469    .text.HAL_TIM_IC_Stop_IT  stm32h7xx_hal_tim.o
    0x0800b7c0   0x0800b7c0   0x000002c0   Code   RO         1515    .text.HAL_TIM_IRQHandler  stm32h7xx_hal_tim.o
    0x0800ba80   0x0800ba80   0x0000006a   Code   RO          123    .text.HAL_TIM_MspPostInit  tim.o
    0x0800baea   0x0800baea   0x00000006   PAD
    0x0800baf0   0x0800baf0   0x0000000c   Code   RO         1519    .text.HAL_TIM_OC_DelayElapsedCallback  stm32h7xx_hal_tim.o
    0x0800bafc   0x0800bafc   0x00000004   PAD
    0x0800bb00   0x0800bb00   0x000001d2   Code   RO         1551    .text.HAL_TIM_PWM_ConfigChannel  stm32h7xx_hal_tim.o
    0x0800bcd2   0x0800bcd2   0x00000006   PAD
    0x0800bcd8   0x0800bcd8   0x000000b6   Code   RO         1435    .text.HAL_TIM_PWM_Init  stm32h7xx_hal_tim.o
    0x0800bd8e   0x0800bd8e   0x00000002   PAD
    0x0800bd90   0x0800bd90   0x0000000c   Code   RO         1437    .text.HAL_TIM_PWM_MspInit  stm32h7xx_hal_tim.o
    0x0800bd9c   0x0800bd9c   0x00000004   PAD
    0x0800bda0   0x0800bda0   0x0000000c   Code   RO         1521    .text.HAL_TIM_PWM_PulseFinishedCallback  stm32h7xx_hal_tim.o
    0x0800bdac   0x0800bdac   0x00000004   PAD
    0x0800bdb0   0x0800bdb0   0x00000098   Code   RO           11    .text.HAL_TIM_PeriodElapsedCallback  local_it.o
    0x0800be48   0x0800be48   0x0000005e   Code   RO         1593    .text.HAL_TIM_ReadCapturedValue  stm32h7xx_hal_tim.o
    0x0800bea6   0x0800bea6   0x00000002   PAD
    0x0800bea8   0x0800bea8   0x0000000c   Code   RO         1525    .text.HAL_TIM_TriggerCallback  stm32h7xx_hal_tim.o
    0x0800beb4   0x0800beb4   0x00000004   PAD
    0x0800beb8   0x0800beb8   0x00000080   Code   RO         1902    .text.HAL_UARTEx_DisableFifoMode  stm32h7xx_hal_uart_ex.o
    0x0800bf38   0x0800bf38   0x00000014   Code   RO         1825    .text.HAL_UARTEx_RxEventCallback  stm32h7xx_hal_uart.o
    0x0800bf4c   0x0800bf4c   0x00000004   PAD
    0x0800bf50   0x0800bf50   0x0000000c   Code   RO         1884    .text.HAL_UARTEx_RxFifoFullCallback  stm32h7xx_hal_uart_ex.o
    0x0800bf5c   0x0800bf5c   0x00000004   PAD
    0x0800bf60   0x0800bf60   0x00000094   Code   RO         1906    .text.HAL_UARTEx_SetRxFifoThreshold  stm32h7xx_hal_uart_ex.o
    0x0800bff4   0x0800bff4   0x00000004   PAD
    0x0800bff8   0x0800bff8   0x00000094   Code   RO         1904    .text.HAL_UARTEx_SetTxFifoThreshold  stm32h7xx_hal_uart_ex.o
    0x0800c08c   0x0800c08c   0x00000004   PAD
    0x0800c090   0x0800c090   0x0000000c   Code   RO         1886    .text.HAL_UARTEx_TxFifoEmptyCallback  stm32h7xx_hal_uart_ex.o
    0x0800c09c   0x0800c09c   0x00000004   PAD
    0x0800c0a0   0x0800c0a0   0x0000000c   Code   RO         1882    .text.HAL_UARTEx_WakeupCallback  stm32h7xx_hal_uart_ex.o
    0x0800c0ac   0x0800c0ac   0x00000004   PAD
    0x0800c0b0   0x0800c0b0   0x0000000c   Code   RO         1823    .text.HAL_UART_ErrorCallback  stm32h7xx_hal_uart.o
    0x0800c0bc   0x0800c0bc   0x00000004   PAD
    0x0800c0c0   0x0800c0c0   0x000006e6   Code   RO         1819    .text.HAL_UART_IRQHandler  stm32h7xx_hal_uart.o
    0x0800c7a6   0x0800c7a6   0x00000002   PAD
    0x0800c7a8   0x0800c7a8   0x000000b6   Code   RO         1731    .text.HAL_UART_Init  stm32h7xx_hal_uart.o
    0x0800c85e   0x0800c85e   0x00000002   PAD
    0x0800c860   0x0800c860   0x000000ce   Code   RO          156    .text.HAL_UART_MspInit  usart.o
    0x0800c92e   0x0800c92e   0x00000002   PAD
    0x0800c930   0x0800c930   0x0000015a   Code   RO         1751    .text.HAL_UART_Transmit  stm32h7xx_hal_uart.o
    0x0800ca8a   0x0800ca8a   0x00000006   PAD
    0x0800ca90   0x0800ca90   0x0000000c   Code   RO         1829    .text.HAL_UART_TxCpltCallback  stm32h7xx_hal_uart.o
    0x0800ca9c   0x0800ca9c   0x00000004   PAD
    0x0800caa0   0x0800caa0   0x00000004   Code   RO          177    .text.HardFault_Handler  stm32h7xx_it.o
    0x0800caa4   0x0800caa4   0x00000004   PAD
    0x0800caa8   0x0800caa8   0x00000020   Code   RO          350    .text.LL_ADC_Disable  stm32h7xx_hal_adc.o
    0x0800cac8   0x0800cac8   0x0000001c   Code   RO          226    .text.LL_ADC_DisableDeepPowerDown  stm32h7xx_hal_adc.o
    0x0800cae4   0x0800cae4   0x00000004   PAD
    0x0800cae8   0x0800cae8   0x00000020   Code   RO          348    .text.LL_ADC_Enable  stm32h7xx_hal_adc.o
    0x0800cb08   0x0800cb08   0x00000022   Code   RO          230    .text.LL_ADC_EnableInternalRegulator  stm32h7xx_hal_adc.o
    0x0800cb2a   0x0800cb2a   0x00000006   PAD
    0x0800cb30   0x0800cb30   0x00000014   Code   RO          312    .text.LL_ADC_GetCommonPathInternalCh  stm32h7xx_hal_adc.o
    0x0800cb44   0x0800cb44   0x00000004   PAD
    0x0800cb48   0x0800cb48   0x00000014   Code   RO          252    .text.LL_ADC_GetMultimode  stm32h7xx_hal_adc.o
    0x0800cb5c   0x0800cb5c   0x00000004   PAD
    0x0800cb60   0x0800cb60   0x00000014   Code   RO          238    .text.LL_ADC_INJ_IsConversionOngoing  stm32h7xx_hal_adc.o
    0x0800cb74   0x0800cb74   0x00000004   PAD
    0x0800cb78   0x0800cb78   0x00000020   Code   RO          346    .text.LL_ADC_INJ_StopConversion  stm32h7xx_hal_adc.o
    0x0800cb98   0x0800cb98   0x00000012   Code   RO          364    .text.LL_ADC_IsCalibrationOnGoing  stm32h7xx_hal_adc_ex.o
    0x0800cbaa   0x0800cbaa   0x00000006   PAD
    0x0800cbb0   0x0800cbb0   0x00000014   Code   RO          224    .text.LL_ADC_IsDeepPowerDownEnabled  stm32h7xx_hal_adc.o
    0x0800cbc4   0x0800cbc4   0x00000004   PAD
    0x0800cbc8   0x0800cbc8   0x00000014   Code   RO          342    .text.LL_ADC_IsDisableOngoing  stm32h7xx_hal_adc.o
    0x0800cbdc   0x0800cbdc   0x00000004   PAD
    0x0800cbe0   0x0800cbe0   0x00000014   Code   RO          234    .text.LL_ADC_IsEnabled  stm32h7xx_hal_adc.o
    0x0800cbf4   0x0800cbf4   0x00000004   PAD
    0x0800cbf8   0x0800cbf8   0x00000014   Code   RO          228    .text.LL_ADC_IsInternalRegulatorEnabled  stm32h7xx_hal_adc.o
    0x0800cc0c   0x0800cc0c   0x00000004   PAD
    0x0800cc10   0x0800cc10   0x00000014   Code   RO          232    .text.LL_ADC_REG_IsConversionOngoing  stm32h7xx_hal_adc.o
    0x0800cc24   0x0800cc24   0x00000004   PAD
    0x0800cc28   0x0800cc28   0x0000001a   Code   RO          264    .text.LL_ADC_REG_IsTriggerSourceSWStart  stm32h7xx_hal_adc.o
    0x0800cc42   0x0800cc42   0x00000006   PAD
    0x0800cc48   0x0800cc48   0x00000022   Code   RO          280    .text.LL_ADC_REG_SetDataTransferMode  stm32h7xx_hal_adc.o
    0x0800cc6a   0x0800cc6a   0x00000006   PAD
    0x0800cc70   0x0800cc70   0x0000004e   Code   RO          300    .text.LL_ADC_REG_SetSequencerRanks  stm32h7xx_hal_adc.o
    0x0800ccbe   0x0800ccbe   0x00000002   PAD
    0x0800ccc0   0x0800ccc0   0x00000020   Code   RO          256    .text.LL_ADC_REG_StartConversion  stm32h7xx_hal_adc.o
    0x0800cce0   0x0800cce0   0x00000020   Code   RO          344    .text.LL_ADC_REG_StopConversion  stm32h7xx_hal_adc.o
    0x0800cd00   0x0800cd00   0x0000004a   Code   RO          302    .text.LL_ADC_SetChannelSamplingTime  stm32h7xx_hal_adc.o
    0x0800cd4a   0x0800cd4a   0x00000006   PAD
    0x0800cd50   0x0800cd50   0x00000048   Code   RO          310    .text.LL_ADC_SetChannelSingleDiff  stm32h7xx_hal_adc.o
    0x0800cd98   0x0800cd98   0x00000022   Code   RO          236    .text.LL_ADC_SetCommonClock  stm32h7xx_hal_adc.o
    0x0800cdba   0x0800cdba   0x00000006   PAD
    0x0800cdc0   0x0800cdc0   0x00000022   Code   RO          314    .text.LL_ADC_SetCommonPathInternalCh  stm32h7xx_hal_adc.o
    0x0800cde2   0x0800cde2   0x00000006   PAD
    0x0800cde8   0x0800cde8   0x00000036   Code   RO          308    .text.LL_ADC_SetDataRightShift  stm32h7xx_hal_adc.o
    0x0800ce1e   0x0800ce1e   0x00000002   PAD
    0x0800ce20   0x0800ce20   0x00000048   Code   RO          304    .text.LL_ADC_SetOffset  stm32h7xx_hal_adc.o
    0x0800ce68   0x0800ce68   0x0000003a   Code   RO          306    .text.LL_ADC_SetOffsetSignedSaturation  stm32h7xx_hal_adc.o
    0x0800cea2   0x0800cea2   0x00000006   PAD
    0x0800cea8   0x0800cea8   0x00000044   Code   RO          362    .text.LL_ADC_StartCalibration  stm32h7xx_hal_adc_ex.o
    0x0800ceec   0x0800ceec   0x00000004   PAD
    0x0800cef0   0x0800cef0   0x000000d0   Code   RO           44    .text.MPU_Config    main.o
    0x0800cfc0   0x0800cfc0   0x000000a2   Code   RO           90    .text.MX_ADC2_Init  adc.o
    0x0800d062   0x0800d062   0x00000006   PAD
    0x0800d068   0x0800d068   0x0000003c   Code   RO          106    .text.MX_DMA_Init   dma.o
    0x0800d0a4   0x0800d0a4   0x00000004   PAD
    0x0800d0a8   0x0800d0a8   0x000000a6   Code   RO           81    .text.MX_GPIO_Init  gpio.o
    0x0800d14e   0x0800d14e   0x00000002   PAD
    0x0800d150   0x0800d150   0x0000008c   Code   RO          127    .text.MX_TIM12_Init  tim.o
    0x0800d1dc   0x0800d1dc   0x00000004   PAD
    0x0800d1e0   0x0800d1e0   0x0000008e   Code   RO          129    .text.MX_TIM15_Init  tim.o
    0x0800d26e   0x0800d26e   0x00000002   PAD
    0x0800d270   0x0800d270   0x00000090   Code   RO          115    .text.MX_TIM2_Init  tim.o
    0x0800d300   0x0800d300   0x00000090   Code   RO          117    .text.MX_TIM3_Init  tim.o
    0x0800d390   0x0800d390   0x000000de   Code   RO          119    .text.MX_TIM4_Init  tim.o
    0x0800d46e   0x0800d46e   0x00000002   PAD
    0x0800d470   0x0800d470   0x000000f0   Code   RO          121    .text.MX_TIM5_Init  tim.o
    0x0800d560   0x0800d560   0x00000062   Code   RO          125    .text.MX_TIM7_Init  tim.o
    0x0800d5c2   0x0800d5c2   0x00000006   PAD
    0x0800d5c8   0x0800d5c8   0x0000008e   Code   RO          154    .text.MX_USART1_UART_Init  usart.o
    0x0800d656   0x0800d656   0x00000002   PAD
    0x0800d658   0x0800d658   0x00000004   Code   RO          179    .text.MemManage_Handler  stm32h7xx_it.o
    0x0800d65c   0x0800d65c   0x00000004   PAD
    0x0800d660   0x0800d660   0x00000004   Code   RO          175    .text.NMI_Handler   stm32h7xx_it.o
    0x0800d664   0x0800d664   0x00000004   PAD
    0x0800d668   0x0800d668   0x00000080   Code   RO          994    .text.NVIC_EncodePriority  stm32h7xx_hal_cortex.o
    0x0800d6e8   0x0800d6e8   0x00000002   Code   RO          189    .text.PendSV_Handler  stm32h7xx_it.o
    0x0800d6ea   0x0800d6ea   0x00000006   PAD
    0x0800d6f0   0x0800d6f0   0x000001d8   Code   RO          518    .text.RCCEx_PLL2_Config  stm32h7xx_hal_rcc_ex.o
    0x0800d8c8   0x0800d8c8   0x000001d8   Code   RO          520    .text.RCCEx_PLL3_Config  stm32h7xx_hal_rcc_ex.o
    0x0800daa0   0x0800daa0   0x00000002   Code   RO          185    .text.SVC_Handler   stm32h7xx_it.o
    0x0800daa2   0x0800daa2   0x00000006   PAD
    0x0800daa8   0x0800daa8   0x0000005a   Code   RO         1010    .text.SysTick_Config  stm32h7xx_hal_cortex.o
    0x0800db02   0x0800db02   0x00000006   PAD
    0x0800db08   0x0800db08   0x00000008   Code   RO          191    .text.SysTick_Handler  stm32h7xx_it.o
    0x0800db10   0x0800db10   0x00000162   Code   RO           46    .text.SystemClock_Config  main.o
    0x0800dc72   0x0800dc72   0x00000006   PAD
    0x0800dc78   0x0800dc78   0x0000015a   Code   RO         1926    .text.SystemInit    system_stm32h7xx.o
    0x0800ddd2   0x0800ddd2   0x00000006   PAD
    0x0800ddd8   0x0800ddd8   0x00000010   Code   RO          201    .text.TIM15_IRQHandler  stm32h7xx_it.o
    0x0800dde8   0x0800dde8   0x00000010   Code   RO          195    .text.TIM3_IRQHandler  stm32h7xx_it.o
    0x0800ddf8   0x0800ddf8   0x00000010   Code   RO          197    .text.TIM4_IRQHandler  stm32h7xx_it.o
    0x0800de08   0x0800de08   0x000001a2   Code   RO         1385    .text.TIM_Base_SetConfig  stm32h7xx_hal_tim.o
    0x0800dfaa   0x0800dfaa   0x00000006   PAD
    0x0800dfb0   0x0800dfb0   0x0000004a   Code   RO         1419    .text.TIM_CCxChannelCmd  stm32h7xx_hal_tim.o
    0x0800dffa   0x0800dffa   0x00000006   PAD
    0x0800e000   0x0800e000   0x0000004a   Code   RO         1575    .text.TIM_ETR_SetConfig  stm32h7xx_hal_tim.o
    0x0800e04a   0x0800e04a   0x00000006   PAD
    0x0800e050   0x0800e050   0x00000038   Code   RO         1581    .text.TIM_ITRx_SetConfig  stm32h7xx_hal_tim.o
    0x0800e088   0x0800e088   0x00000158   Code   RO         1529    .text.TIM_OC1_SetConfig  stm32h7xx_hal_tim.o
    0x0800e1e0   0x0800e1e0   0x0000017a   Code   RO         1531    .text.TIM_OC2_SetConfig  stm32h7xx_hal_tim.o
    0x0800e35a   0x0800e35a   0x00000006   PAD
    0x0800e360   0x0800e360   0x00000178   Code   RO         1533    .text.TIM_OC3_SetConfig  stm32h7xx_hal_tim.o
    0x0800e4d8   0x0800e4d8   0x000000e2   Code   RO         1535    .text.TIM_OC4_SetConfig  stm32h7xx_hal_tim.o
    0x0800e5ba   0x0800e5ba   0x00000006   PAD
    0x0800e5c0   0x0800e5c0   0x000000d8   Code   RO         1537    .text.TIM_OC5_SetConfig  stm32h7xx_hal_tim.o
    0x0800e698   0x0800e698   0x000000da   Code   RO         1539    .text.TIM_OC6_SetConfig  stm32h7xx_hal_tim.o
    0x0800e772   0x0800e772   0x00000006   PAD
    0x0800e778   0x0800e778   0x00000062   Code   RO         1579    .text.TIM_TI1_ConfigInputStage  stm32h7xx_hal_tim.o
    0x0800e7da   0x0800e7da   0x00000006   PAD
    0x0800e7e0   0x0800e7e0   0x0000012e   Code   RO         1543    .text.TIM_TI1_SetConfig  stm32h7xx_hal_tim.o
    0x0800e90e   0x0800e90e   0x00000002   PAD
    0x0800e910   0x0800e910   0x00000064   Code   RO         1583    .text.TIM_TI2_ConfigInputStage  stm32h7xx_hal_tim.o
    0x0800e974   0x0800e974   0x00000004   PAD
    0x0800e978   0x0800e978   0x00000082   Code   RO         1545    .text.TIM_TI2_SetConfig  stm32h7xx_hal_tim.o
    0x0800e9fa   0x0800e9fa   0x00000006   PAD
    0x0800ea00   0x0800ea00   0x00000080   Code   RO         1547    .text.TIM_TI3_SetConfig  stm32h7xx_hal_tim.o
    0x0800ea80   0x0800ea80   0x00000082   Code   RO         1549    .text.TIM_TI4_SetConfig  stm32h7xx_hal_tim.o
    0x0800eb02   0x0800eb02   0x00000006   PAD
    0x0800eb08   0x0800eb08   0x00000090   Code   RO         1900    .text.UARTEx_SetNbDataToProcess  stm32h7xx_hal_uart_ex.o
    0x0800eb98   0x0800eb98   0x0000013e   Code   RO         1737    .text.UART_AdvFeatureConfig  stm32h7xx_hal_uart.o
    0x0800ecd6   0x0800ecd6   0x00000002   PAD
    0x0800ecd8   0x0800ecd8   0x0000014e   Code   RO         1739    .text.UART_CheckIdleState  stm32h7xx_hal_uart.o
    0x0800ee26   0x0800ee26   0x00000002   PAD
    0x0800ee28   0x0800ee28   0x00000028   Code   RO         1821    .text.UART_DMAAbortOnError  stm32h7xx_hal_uart.o
    0x0800ee50   0x0800ee50   0x000000a2   Code   RO         1791    .text.UART_EndRxTransfer  stm32h7xx_hal_uart.o
    0x0800eef2   0x0800eef2   0x00000006   PAD
    0x0800eef8   0x0800eef8   0x00000048   Code   RO         1827    .text.UART_EndTransmit_IT  stm32h7xx_hal_uart.o
    0x0800ef40   0x0800ef40   0x0000093c   Code   RO         1735    .text.UART_SetConfig  stm32h7xx_hal_uart.o
    0x0800f87c   0x0800f87c   0x00000004   PAD
    0x0800f880   0x0800f880   0x0000011a   Code   RO         1753    .text.UART_WaitOnFlagUntilTimeout  stm32h7xx_hal_uart.o
    0x0800f99a   0x0800f99a   0x00000006   PAD
    0x0800f9a0   0x0800f9a0   0x00000010   Code   RO          199    .text.USART1_IRQHandler  stm32h7xx_it.o
    0x0800f9b0   0x0800f9b0   0x00000004   Code   RO          183    .text.UsageFault_Handler  stm32h7xx_it.o
    0x0800f9b4   0x0800f9b4   0x00000004   PAD
    0x0800f9b8   0x0800f9b8   0x00000036   Code   RO          998    .text.__NVIC_EnableIRQ  stm32h7xx_hal_cortex.o
    0x0800f9ee   0x0800f9ee   0x00000002   PAD
    0x0800f9f0   0x0800f9f0   0x00000010   Code   RO          990    .text.__NVIC_GetPriorityGrouping  stm32h7xx_hal_cortex.o
    0x0800fa00   0x0800fa00   0x0000004a   Code   RO          992    .text.__NVIC_SetPriority  stm32h7xx_hal_cortex.o
    0x0800fa4a   0x0800fa4a   0x00000006   PAD
    0x0800fa50   0x0800fa50   0x00000040   Code   RO          986    .text.__NVIC_SetPriorityGrouping  stm32h7xx_hal_cortex.o
    0x0800fa90   0x0800fa90   0x000000c8   Code   RO           50    .text.adc_start     main.o
    0x0800fb58   0x0800fb58   0x00000034   Code   RO          162    .text.fputc         usart.o
    0x0800fb8c   0x0800fb8c   0x00000004   PAD
    0x0800fb90   0x0800fb90   0x00000162   Code   RO           42    .text.main          main.o
    0x0800fcf2   0x0800fcf2   0x00000002   PAD
    0x0800fcf4   0x0800fcf4   0x00000020   Code   RO         1986    i.__0printf         mc_w.l(printfa.o)
    0x0800fd14   0x0800fd14   0x0000000e   Code   RO         2113    i.__scatterload_copy  mc_w.l(handlers.o)
    0x0800fd22   0x0800fd22   0x00000002   Code   RO         2114    i.__scatterload_null  mc_w.l(handlers.o)
    0x0800fd24   0x0800fd24   0x0000000e   Code   RO         2115    i.__scatterload_zeroinit  mc_w.l(handlers.o)
    0x0800fd32   0x0800fd32   0x00000002   PAD
    0x0800fd34   0x0800fd34   0x00000184   Code   RO         1993    i._fp_digits        mc_w.l(printfa.o)
    0x0800feb8   0x0800feb8   0x000006dc   Code   RO         1994    i._printf_core      mc_w.l(printfa.o)
    0x08010594   0x08010594   0x00000024   Code   RO         1995    i._printf_post_padding  mc_w.l(printfa.o)
    0x080105b8   0x080105b8   0x0000002e   Code   RO         1996    i._printf_pre_padding  mc_w.l(printfa.o)
    0x080105e6   0x080105e6   0x00000010   Data   RO         1932    .rodata.D1CorePrescTable  system_stm32h7xx.o
    0x080105f6   0x080105f6   0x00000008   Data   RO          769    .rodata.DMA_CalcBaseAndBitshift.flagBitshiftOffset  stm32h7xx_hal_dma.o
    0x080105fe   0x080105fe   0x00000008   Data   RO         1917    .rodata.UARTEx_SetNbDataToProcess.denominator  stm32h7xx_hal_uart_ex.o
    0x08010606   0x08010606   0x00000008   Data   RO         1916    .rodata.UARTEx_SetNbDataToProcess.numerator  stm32h7xx_hal_uart_ex.o
    0x0801060e   0x0801060e   0x00000018   Data   RO         1871    .rodata.UARTPrescTable  stm32h7xx_hal_uart.o
    0x08010626   0x08010626   0x00000018   Data   RO           19    .rodata.str1.1      local_it.o
    0x0801063e   0x0801063e   0x00000064   Data   RO           71    .rodata.str1.1      main.o
    0x080106a2   0x080106a2   0x00000002   PAD
    0x080106a4   0x080106a4   0x00000020   Data   RO         2112    Region$$Table       anon$$obj.o


    Execution Region RW_IRAM1 (Exec base: 0x20000000, Load base: 0x080106c4, Size: 0x00000000, Max: 0x00020000, ABSOLUTE)

    **** No section assigned to this execution region ****


    Execution Region RW_IRAM2 (Exec base: 0x24000000, Load base: 0x080106c8, Size: 0x000077c0, Max: 0x00080000, ABSOLUTE)

    Exec Addr    Load Addr    Size         Type   Attr      Idx    E Section Name        Object

    0x24000000   0x080106c8   0x00000004   Data   RW         2078    .data               mc_w.l(stdout.o)
    0x24000004   0x080106cc   0x00000004   Data   RW         1930    .data.SystemCoreClock  system_stm32h7xx.o
    0x24000008   0x080106d0   0x00000004   Data   RW         1931    .data.SystemD2Clock  system_stm32h7xx.o
    0x2400000c   0x080106d4   0x00000001   Data   RW         1155    .data.uwTickFreq    stm32h7xx_hal.o
    0x2400000d   0x080106d5   0x00000003   PAD
    0x24000010   0x080106d8   0x00000004   Data   RW         1154    .data.uwTickPrio    stm32h7xx_hal.o
    0x24000014   0x080106dc   0x00000004   PAD
    0x24000018        -       0x00000001   Zero   RW           70    .bss.AdcConvEnd     main.o
    0x24000019   0x080106dc   0x00000001   PAD
    0x2400001a        -       0x00000002   Zero   RW           72    .bss.adc_value      main.o
    0x2400001c        -       0x00000010   Zero   RW           59    .bss.capture_buf    main.o
    0x2400002c        -       0x00000004   Zero   RW           58    .bss.capture_state  main.o
    0x24000030        -       0x00000064   Zero   RW           96    .bss.hadc2          adc.o
    0x24000094        -       0x00000078   Zero   RW           97    .bss.hdma_adc2      adc.o
    0x2400010c        -       0x0000004c   Zero   RW          144    .bss.htim12         tim.o
    0x24000158        -       0x0000004c   Zero   RW          145    .bss.htim15         tim.o
    0x240001a4        -       0x0000004c   Zero   RW          139    .bss.htim2          tim.o
    0x240001f0        -       0x0000004c   Zero   RW          140    .bss.htim3          tim.o
    0x2400023c        -       0x0000004c   Zero   RW          141    .bss.htim4          tim.o
    0x24000288        -       0x0000004c   Zero   RW          142    .bss.htim5          tim.o
    0x240002d4        -       0x0000004c   Zero   RW          143    .bss.htim7          tim.o
    0x24000320        -       0x00000094   Zero   RW          166    .bss.huart1         usart.o
    0x240003b4        -       0x00000004   Zero   RW           69    .bss.pwm_flag       main.o
    0x240003b8        -       0x00000004   Zero   RW           68    .bss.pwm_val        main.o
    0x240003bc        -       0x00000004   Zero   RW         1156    .bss.uwTick         stm32h7xx_hal.o
    0x240003c0        -       0x00007400   Zero   RW            1    STACK               startup_stm32h743xx.o


==============================================================================

Image component sizes


      Code (inc. data)   RO Data    RW Data    ZI Data      Debug   Object Name

       530          0          0          0        220       8726   adc.o
        60          0          0          0          0       5293   dma.o
       166          0          0          0          0       2332   gpio.o
       416          0         24          0          0       6788   local_it.o
      1154          0        100          0         31      10923   main.o
        36          8        664          0      29696        828   startup_stm32h743xx.o
       402          0          0          5          4      13899   stm32h7xx_hal.o
      7220          0          0          0          0      22157   stm32h7xx_hal_adc.o
       334          0          0          0          0      21545   stm32h7xx_hal_adc_ex.o
       796          0          0          0          0      11400   stm32h7xx_hal_cortex.o
     17076          8          8          0          0      12876   stm32h7xx_hal_dma.o
      1596          0          0          0          0       7017   stm32h7xx_hal_gpio.o
        38          0          0          0          0       2224   stm32h7xx_hal_msp.o
       170          0          0          0          0      10400   stm32h7xx_hal_pwr_ex.o
      5152         66          0          0          0      11956   stm32h7xx_hal_rcc.o
     10640        118          0          0          0      19322   stm32h7xx_hal_rcc_ex.o
      6738         50          0          0          0      37755   stm32h7xx_hal_tim.o
       388          0          0          0          0      17602   stm32h7xx_hal_tim_ex.o
      5910        258         24          0          0      29244   stm32h7xx_hal_uart.o
       604          0         16          0          0       8899   stm32h7xx_hal_uart_ex.o
       114          0          0          0          0       1505   stm32h7xx_it.o
       346          0         16          8          0       5803   system_stm32h7xx.o
      1820          0          0          0        532      13030   tim.o
       400          0          0          0        148      11761   usart.o

    ----------------------------------------------------------------------
     62688        524        886         16      30636     293285   Object Totals
         0          0         32          0          0          0   (incl. Generated)
       582         16          2          3          5          0   (incl. Padding)

    ----------------------------------------------------------------------

      Code (inc. data)   RO Data    RW Data    ZI Data      Debug   Library Member Name

         0          0          0          0          0          0   entry.o
         0          0          0          0          0          0   entry10a.o
         0          0          0          0          0          0   entry11a.o
         8          4          0          0          0          0   entry2.o
         4          0          0          0          0          0   entry5.o
         0          0          0          0          0          0   entry7b.o
         0          0          0          0          0          0   entry8b.o
         8          4          0          0          0          0   entry9a.o
        30          0          0          0          0          0   handlers.o
        36          8          0          0          0         68   init.o
         0          0          0          0          0          0   iusefp.o
        30          0          0          0          0         68   llshl.o
        36          0          0          0          0         68   llsshr.o
        32          0          0          0          0         68   llushr.o
        36          0          0          0          0        108   memseta.o
      2258         90          0          0          0        452   printfa.o
         0          0          0          4          0          0   stdout.o
        44          0          0          0          0         80   uidiv.o
        98          0          0          0          0         92   uldiv.o
        48          0          0          0          0         68   cdrcmple.o
       334          0          0          0          0        148   dadd.o
       222          0          0          0          0        100   ddiv.o
       186          0          0          0          0        176   depilogue.o
        48          0          0          0          0         68   dfixul.o
       228          0          0          0          0         96   dmul.o

    ----------------------------------------------------------------------
      3694        106          0          4          0       1660   Library Totals
         8          0          0          0          0          0   (incl. Padding)

    ----------------------------------------------------------------------

      Code (inc. data)   RO Data    RW Data    ZI Data      Debug   Library Name

      2620        106          0          4          0       1004   mc_w.l
      1066          0          0          0          0        656   mf_w.l

    ----------------------------------------------------------------------
      3694        106          0          4          0       1660   Library Totals

    ----------------------------------------------------------------------

==============================================================================


      Code (inc. data)   RO Data    RW Data    ZI Data      Debug   

     66382        630        886         20      30636     293965   Grand Totals
     66382        630        886         20      30636     293965   ELF Image Totals
     66382        630        886         20          0          0   ROM Totals

==============================================================================

    Total RO  Size (Code + RO Data)                67268 (  65.69kB)
    Total RW  Size (RW Data + ZI Data)             30656 (  29.94kB)
    Total ROM Size (Code + RO Data + RW Data)      67288 (  65.71kB)

==============================================================================

