<html>
<body>
<pre>
<h1>µVision Build Log</h1>
<h2>Tool Versions:</h2>
IDE-Version: ¦ÌVision V5.38.0.0
Copyright (C) 2022 ARM Ltd and ARM Germany GmbH. All rights reserved.
License Information: yangser Administrator, Administrator, LIC=----
 
Tool Versions:
Toolchain:       MDK-Lite  Version: 5.38.0.0
Toolchain Path:  D:\keil\ARM\ARMCLANG\Bin
C Compiler:      ArmClang.exe V6.19
Assembler:       Armasm.exe V6.19
Linker/Locator:  ArmLink.exe V6.19
Library Manager: ArmAr.exe V6.19
Hex Converter:   FromElf.exe V6.19
CPU DLL:         SARMCM3.DLL V5.38.0.0
Dialog DLL:      DCM.DLL V1.17.5.0
Target DLL:      STLink\ST-LINKIII-KEIL_SWO.dll V3.1.0.0
Dialog DLL:      TCM.DLL V1.56.4.0
 
<h2>Project:</h2>
D:\LOLLIPOP\Documents\STM\Template_cubeMX\Template\MDK-ARM\Template.uvprojx
Project File Date:  11/16/2023

<h2>Output:</h2>
*** Using Compiler 'V6.19', folder: 'D:\keil\ARM\ARMCLANG\Bin'
Rebuild target 'Template'
assembling startup_stm32h743xx.s...
compiling gpio.c...
compiling stm32h7xx_hal_msp.c...
compiling stm32h7xx_it.c...
compiling tim.c...
compiling main.c...
compiling usart.c...
compiling stm32h7xx_hal_cortex.c...
compiling stm32h7xx_hal_rcc.c...
compiling stm32h7xx_hal_hsem.c...
compiling stm32h7xx_hal_gpio.c...
compiling stm32h7xx_hal_flash.c...
compiling stm32h7xx_hal_flash_ex.c...
compiling stm32h7xx_hal_dma_ex.c...
compiling stm32h7xx_hal_mdma.c...
compiling stm32h7xx_hal_dma.c...
compiling stm32h7xx_hal_rcc_ex.c...
compiling stm32h7xx_hal_pwr.c...
compiling stm32h7xx_hal.c...
compiling stm32h7xx_hal_pwr_ex.c...
compiling stm32h7xx_hal_i2c_ex.c...
compiling stm32h7xx_hal_exti.c...
compiling stm32h7xx_hal_tim_ex.c...
compiling system_stm32h7xx.c...
compiling stm32h7xx_hal_uart_ex.c...
compiling stm32h7xx_hal_i2c.c...
compiling stm32h7xx_hal_uart.c...
compiling stm32h7xx_hal_tim.c...
linking...
Program Size: Code=21398 RO-data=754 RW-data=16 ZI-data=30536  
FromELF: creating hex file...
"Template\Template.axf" - 0 Error(s), 0 Warning(s).

<h2>Software Packages used:</h2>

Package Vendor: ARM
                http://www.keil.com/pack/ARM.CMSIS.5.9.0.pack
                ARM.CMSIS.5.9.0
                CMSIS (Common Microcontroller Software Interface Standard)
   * Component: CORE Version: 5.6.0

Package Vendor: Keil
                https://www.keil.com/pack/Keil.STM32H7xx_DFP.3.1.1.pack
                Keil.STM32H7xx_DFP.3.1.1
                STMicroelectronics STM32H7 Series Device Support and Examples

<h2>Collection of Component include folders:</h2>
  ./RTE/_Template
  D:/keil/appdata/ARM/CMSIS/5.9.0/CMSIS/Core/Include
  D:/keil/appdata/Keil/STM32H7xx_DFP/3.1.1/Drivers/CMSIS/Device/ST/STM32H7xx/Include

<h2>Collection of Component Files used:</h2>

   * Component: ARM::CMSIS:CORE:5.6.0
      Include file:  CMSIS/Core/Include/tz_context.h
Build Time Elapsed:  00:00:03
</pre>
</body>
</html>
